/alice/home/fbwogur0203/Thr_scan/Thr_scan_full/532386_0_epn019.internal_modSel0.root
/alice/home/fbwogur0203/Thr_scan/Thr_scan_full/532386_0_epn019.internal_modSel10.root
/alice/home/fbwogur0203/Thr_scan/Thr_scan_full/532386_0_epn019.internal_modSel11.root
/alice/home/fbwogur0203/Thr_scan/Thr_scan_full/532386_0_epn019.internal_modSel12.root
/alice/home/fbwogur0203/Thr_scan/Thr_scan_full/532386_0_epn019.internal_modSel13.root
/alice/home/fbwogur0203/Thr_scan/Thr_scan_full/532386_0_epn019.internal_modSel14.root
/alice/home/fbwogur0203/Thr_scan/Thr_scan_full/532386_0_epn019.internal_modSel15.root
/alice/home/fbwogur0203/Thr_scan/Thr_scan_full/532386_0_epn019.internal_modSel16.root
/alice/home/fbwogur0203/Thr_scan/Thr_scan_full/532386_0_epn019.internal_modSel17.root
/alice/home/fbwogur0203/Thr_scan/Thr_scan_full/532386_0_epn019.internal_modSel18.root
/alice/home/fbwogur0203/Thr_scan/Thr_scan_full/532386_0_epn019.internal_modSel19.root
/alice/home/fbwogur0203/Thr_scan/Thr_scan_full/532386_0_epn019.internal_modSel1.root
/alice/home/fbwogur0203/Thr_scan/Thr_scan_full/532386_0_epn019.internal_modSel2.root
/alice/home/fbwogur0203/Thr_scan/Thr_scan_full/532386_0_epn019.internal_modSel3.root
/alice/home/fbwogur0203/Thr_scan/Thr_scan_full/532386_0_epn019.internal_modSel4.root
/alice/home/fbwogur0203/Thr_scan/Thr_scan_full/532386_0_epn019.internal_modSel5.root
/alice/home/fbwogur0203/Thr_scan/Thr_scan_full/532386_0_epn019.internal_modSel6.root
/alice/home/fbwogur0203/Thr_scan/Thr_scan_full/532386_0_epn019.internal_modSel7.root
/alice/home/fbwogur0203/Thr_scan/Thr_scan_full/532386_0_epn019.internal_modSel8.root
/alice/home/fbwogur0203/Thr_scan/Thr_scan_full/532386_0_epn019.internal_modSel9.root
/alice/home/fbwogur0203/Thr_scan/Thr_scan_full/532386_0_epn020.internal_modSel0.root
/alice/home/fbwogur0203/Thr_scan/Thr_scan_full/532386_0_epn020.internal_modSel10.root
/alice/home/fbwogur0203/Thr_scan/Thr_scan_full/532386_0_epn020.internal_modSel11.root
/alice/home/fbwogur0203/Thr_scan/Thr_scan_full/532386_0_epn020.internal_modSel12.root
/alice/home/fbwogur0203/Thr_scan/Thr_scan_full/532386_0_epn020.internal_modSel13.root
/alice/home/fbwogur0203/Thr_scan/Thr_scan_full/532386_0_epn020.internal_modSel14.root
/alice/home/fbwogur0203/Thr_scan/Thr_scan_full/532386_0_epn020.internal_modSel15.root
/alice/home/fbwogur0203/Thr_scan/Thr_scan_full/532386_0_epn020.internal_modSel16.root
/alice/home/fbwogur0203/Thr_scan/Thr_scan_full/532386_0_epn020.internal_modSel17.root
/alice/home/fbwogur0203/Thr_scan/Thr_scan_full/532386_0_epn020.internal_modSel18.root
/alice/home/fbwogur0203/Thr_scan/Thr_scan_full/532386_0_epn020.internal_modSel19.root
/alice/home/fbwogur0203/Thr_scan/Thr_scan_full/532386_0_epn020.internal_modSel1.root
/alice/home/fbwogur0203/Thr_scan/Thr_scan_full/532386_0_epn020.internal_modSel2.root
/alice/home/fbwogur0203/Thr_scan/Thr_scan_full/532386_0_epn020.internal_modSel3.root
/alice/home/fbwogur0203/Thr_scan/Thr_scan_full/532386_0_epn020.internal_modSel4.root
/alice/home/fbwogur0203/Thr_scan/Thr_scan_full/532386_0_epn020.internal_modSel5.root
/alice/home/fbwogur0203/Thr_scan/Thr_scan_full/532386_0_epn020.internal_modSel6.root
/alice/home/fbwogur0203/Thr_scan/Thr_scan_full/532386_0_epn020.internal_modSel7.root
/alice/home/fbwogur0203/Thr_scan/Thr_scan_full/532386_0_epn020.internal_modSel8.root
/alice/home/fbwogur0203/Thr_scan/Thr_scan_full/532386_0_epn020.internal_modSel9.root
/alice/home/fbwogur0203/Thr_scan/Thr_scan_full/532386_0_epn023.internal_modSel0.root
/alice/home/fbwogur0203/Thr_scan/Thr_scan_full/532386_0_epn023.internal_modSel10.root
/alice/home/fbwogur0203/Thr_scan/Thr_scan_full/532386_0_epn023.internal_modSel11.root
/alice/home/fbwogur0203/Thr_scan/Thr_scan_full/532386_0_epn023.internal_modSel12.root
/alice/home/fbwogur0203/Thr_scan/Thr_scan_full/532386_0_epn023.internal_modSel13.root
/alice/home/fbwogur0203/Thr_scan/Thr_scan_full/532386_0_epn023.internal_modSel14.root
/alice/home/fbwogur0203/Thr_scan/Thr_scan_full/532386_0_epn023.internal_modSel15.root
/alice/home/fbwogur0203/Thr_scan/Thr_scan_full/532386_0_epn023.internal_modSel16.root
/alice/home/fbwogur0203/Thr_scan/Thr_scan_full/532386_0_epn023.internal_modSel17.root
/alice/home/fbwogur0203/Thr_scan/Thr_scan_full/532386_0_epn023.internal_modSel18.root
/alice/home/fbwogur0203/Thr_scan/Thr_scan_full/532386_0_epn023.internal_modSel19.root
/alice/home/fbwogur0203/Thr_scan/Thr_scan_full/532386_0_epn023.internal_modSel1.root
/alice/home/fbwogur0203/Thr_scan/Thr_scan_full/532386_0_epn023.internal_modSel2.root
/alice/home/fbwogur0203/Thr_scan/Thr_scan_full/532386_0_epn023.internal_modSel3.root
/alice/home/fbwogur0203/Thr_scan/Thr_scan_full/532386_0_epn023.internal_modSel4.root
/alice/home/fbwogur0203/Thr_scan/Thr_scan_full/532386_0_epn023.internal_modSel5.root
/alice/home/fbwogur0203/Thr_scan/Thr_scan_full/532386_0_epn023.internal_modSel6.root
/alice/home/fbwogur0203/Thr_scan/Thr_scan_full/532386_0_epn023.internal_modSel7.root
/alice/home/fbwogur0203/Thr_scan/Thr_scan_full/532386_0_epn023.internal_modSel8.root
/alice/home/fbwogur0203/Thr_scan/Thr_scan_full/532386_0_epn023.internal_modSel9.root
/alice/home/fbwogur0203/Thr_scan/Thr_scan_full/532386_0_epn024.internal_modSel0.root
/alice/home/fbwogur0203/Thr_scan/Thr_scan_full/532386_0_epn024.internal_modSel10.root
/alice/home/fbwogur0203/Thr_scan/Thr_scan_full/532386_0_epn024.internal_modSel11.root
/alice/home/fbwogur0203/Thr_scan/Thr_scan_full/532386_0_epn024.internal_modSel12.root
/alice/home/fbwogur0203/Thr_scan/Thr_scan_full/532386_0_epn024.internal_modSel13.root
/alice/home/fbwogur0203/Thr_scan/Thr_scan_full/532386_0_epn024.internal_modSel14.root
/alice/home/fbwogur0203/Thr_scan/Thr_scan_full/532386_0_epn024.internal_modSel15.root
/alice/home/fbwogur0203/Thr_scan/Thr_scan_full/532386_0_epn024.internal_modSel16.root
/alice/home/fbwogur0203/Thr_scan/Thr_scan_full/532386_0_epn024.internal_modSel17.root
/alice/home/fbwogur0203/Thr_scan/Thr_scan_full/532386_0_epn024.internal_modSel18.root
/alice/home/fbwogur0203/Thr_scan/Thr_scan_full/532386_0_epn024.internal_modSel19.root
/alice/home/fbwogur0203/Thr_scan/Thr_scan_full/532386_0_epn024.internal_modSel1.root
/alice/home/fbwogur0203/Thr_scan/Thr_scan_full/532386_0_epn024.internal_modSel2.root
/alice/home/fbwogur0203/Thr_scan/Thr_scan_full/532386_0_epn024.internal_modSel3.root
/alice/home/fbwogur0203/Thr_scan/Thr_scan_full/532386_0_epn024.internal_modSel4.root
/alice/home/fbwogur0203/Thr_scan/Thr_scan_full/532386_0_epn024.internal_modSel5.root
/alice/home/fbwogur0203/Thr_scan/Thr_scan_full/532386_0_epn024.internal_modSel6.root
/alice/home/fbwogur0203/Thr_scan/Thr_scan_full/532386_0_epn024.internal_modSel7.root
/alice/home/fbwogur0203/Thr_scan/Thr_scan_full/532386_0_epn024.internal_modSel8.root
/alice/home/fbwogur0203/Thr_scan/Thr_scan_full/532386_0_epn024.internal_modSel9.root
/alice/home/fbwogur0203/Thr_scan/Thr_scan_full/532386_0_epn025.internal_modSel0.root
/alice/home/fbwogur0203/Thr_scan/Thr_scan_full/532386_0_epn025.internal_modSel10.root
/alice/home/fbwogur0203/Thr_scan/Thr_scan_full/532386_0_epn025.internal_modSel11.root
/alice/home/fbwogur0203/Thr_scan/Thr_scan_full/532386_0_epn025.internal_modSel12.root
/alice/home/fbwogur0203/Thr_scan/Thr_scan_full/532386_0_epn025.internal_modSel13.root
/alice/home/fbwogur0203/Thr_scan/Thr_scan_full/532386_0_epn025.internal_modSel14.root
/alice/home/fbwogur0203/Thr_scan/Thr_scan_full/532386_0_epn025.internal_modSel15.root
/alice/home/fbwogur0203/Thr_scan/Thr_scan_full/532386_0_epn025.internal_modSel16.root
/alice/home/fbwogur0203/Thr_scan/Thr_scan_full/532386_0_epn025.internal_modSel17.root
/alice/home/fbwogur0203/Thr_scan/Thr_scan_full/532386_0_epn025.internal_modSel18.root
/alice/home/fbwogur0203/Thr_scan/Thr_scan_full/532386_0_epn025.internal_modSel19.root
/alice/home/fbwogur0203/Thr_scan/Thr_scan_full/532386_0_epn025.internal_modSel1.root
/alice/home/fbwogur0203/Thr_scan/Thr_scan_full/532386_0_epn025.internal_modSel2.root
/alice/home/fbwogur0203/Thr_scan/Thr_scan_full/532386_0_epn025.internal_modSel3.root
/alice/home/fbwogur0203/Thr_scan/Thr_scan_full/532386_0_epn025.internal_modSel4.root
/alice/home/fbwogur0203/Thr_scan/Thr_scan_full/532386_0_epn025.internal_modSel5.root
/alice/home/fbwogur0203/Thr_scan/Thr_scan_full/532386_0_epn025.internal_modSel6.root
/alice/home/fbwogur0203/Thr_scan/Thr_scan_full/532386_0_epn025.internal_modSel7.root
/alice/home/fbwogur0203/Thr_scan/Thr_scan_full/532386_0_epn025.internal_modSel8.root
/alice/home/fbwogur0203/Thr_scan/Thr_scan_full/532386_0_epn025.internal_modSel9.root
/alice/home/fbwogur0203/Thr_scan/Thr_scan_full/532386_0_epn027.internal_modSel0.root
/alice/home/fbwogur0203/Thr_scan/Thr_scan_full/532386_0_epn027.internal_modSel10.root
/alice/home/fbwogur0203/Thr_scan/Thr_scan_full/532386_0_epn027.internal_modSel11.root
/alice/home/fbwogur0203/Thr_scan/Thr_scan_full/532386_0_epn027.internal_modSel12.root
/alice/home/fbwogur0203/Thr_scan/Thr_scan_full/532386_0_epn027.internal_modSel13.root
/alice/home/fbwogur0203/Thr_scan/Thr_scan_full/532386_0_epn027.internal_modSel14.root
/alice/home/fbwogur0203/Thr_scan/Thr_scan_full/532386_0_epn027.internal_modSel15.root
/alice/home/fbwogur0203/Thr_scan/Thr_scan_full/532386_0_epn027.internal_modSel16.root
/alice/home/fbwogur0203/Thr_scan/Thr_scan_full/532386_0_epn027.internal_modSel17.root
/alice/home/fbwogur0203/Thr_scan/Thr_scan_full/532386_0_epn027.internal_modSel18.root
/alice/home/fbwogur0203/Thr_scan/Thr_scan_full/532386_0_epn027.internal_modSel19.root
/alice/home/fbwogur0203/Thr_scan/Thr_scan_full/532386_0_epn027.internal_modSel1.root
/alice/home/fbwogur0203/Thr_scan/Thr_scan_full/532386_0_epn027.internal_modSel2.root
/alice/home/fbwogur0203/Thr_scan/Thr_scan_full/532386_0_epn027.internal_modSel3.root
/alice/home/fbwogur0203/Thr_scan/Thr_scan_full/532386_0_epn027.internal_modSel4.root
/alice/home/fbwogur0203/Thr_scan/Thr_scan_full/532386_0_epn027.internal_modSel5.root
/alice/home/fbwogur0203/Thr_scan/Thr_scan_full/532386_0_epn027.internal_modSel6.root
/alice/home/fbwogur0203/Thr_scan/Thr_scan_full/532386_0_epn027.internal_modSel7.root
/alice/home/fbwogur0203/Thr_scan/Thr_scan_full/532386_0_epn027.internal_modSel8.root
/alice/home/fbwogur0203/Thr_scan/Thr_scan_full/532386_0_epn027.internal_modSel9.root
/alice/home/fbwogur0203/Thr_scan/Thr_scan_full/532386_0_epn028.internal_modSel0.root
/alice/home/fbwogur0203/Thr_scan/Thr_scan_full/532386_0_epn028.internal_modSel10.root
/alice/home/fbwogur0203/Thr_scan/Thr_scan_full/532386_0_epn028.internal_modSel11.root
/alice/home/fbwogur0203/Thr_scan/Thr_scan_full/532386_0_epn028.internal_modSel12.root
/alice/home/fbwogur0203/Thr_scan/Thr_scan_full/532386_0_epn028.internal_modSel13.root
/alice/home/fbwogur0203/Thr_scan/Thr_scan_full/532386_0_epn028.internal_modSel14.root
/alice/home/fbwogur0203/Thr_scan/Thr_scan_full/532386_0_epn028.internal_modSel15.root
/alice/home/fbwogur0203/Thr_scan/Thr_scan_full/532386_0_epn028.internal_modSel16.root
/alice/home/fbwogur0203/Thr_scan/Thr_scan_full/532386_0_epn028.internal_modSel17.root
/alice/home/fbwogur0203/Thr_scan/Thr_scan_full/532386_0_epn028.internal_modSel18.root
/alice/home/fbwogur0203/Thr_scan/Thr_scan_full/532386_0_epn028.internal_modSel19.root
/alice/home/fbwogur0203/Thr_scan/Thr_scan_full/532386_0_epn028.internal_modSel1.root
/alice/home/fbwogur0203/Thr_scan/Thr_scan_full/532386_0_epn028.internal_modSel2.root
/alice/home/fbwogur0203/Thr_scan/Thr_scan_full/532386_0_epn028.internal_modSel3.root
/alice/home/fbwogur0203/Thr_scan/Thr_scan_full/532386_0_epn028.internal_modSel4.root
/alice/home/fbwogur0203/Thr_scan/Thr_scan_full/532386_0_epn028.internal_modSel5.root
/alice/home/fbwogur0203/Thr_scan/Thr_scan_full/532386_0_epn028.internal_modSel6.root
/alice/home/fbwogur0203/Thr_scan/Thr_scan_full/532386_0_epn028.internal_modSel7.root
/alice/home/fbwogur0203/Thr_scan/Thr_scan_full/532386_0_epn028.internal_modSel8.root
/alice/home/fbwogur0203/Thr_scan/Thr_scan_full/532386_0_epn028.internal_modSel9.root
/alice/home/fbwogur0203/Thr_scan/Thr_scan_full/532386_0_epn029.internal_modSel0.root
/alice/home/fbwogur0203/Thr_scan/Thr_scan_full/532386_0_epn029.internal_modSel10.root
/alice/home/fbwogur0203/Thr_scan/Thr_scan_full/532386_0_epn029.internal_modSel11.root
/alice/home/fbwogur0203/Thr_scan/Thr_scan_full/532386_0_epn029.internal_modSel12.root
/alice/home/fbwogur0203/Thr_scan/Thr_scan_full/532386_0_epn029.internal_modSel13.root
/alice/home/fbwogur0203/Thr_scan/Thr_scan_full/532386_0_epn029.internal_modSel14.root
/alice/home/fbwogur0203/Thr_scan/Thr_scan_full/532386_0_epn029.internal_modSel15.root
/alice/home/fbwogur0203/Thr_scan/Thr_scan_full/532386_0_epn029.internal_modSel16.root
/alice/home/fbwogur0203/Thr_scan/Thr_scan_full/532386_0_epn029.internal_modSel17.root
/alice/home/fbwogur0203/Thr_scan/Thr_scan_full/532386_0_epn029.internal_modSel18.root
/alice/home/fbwogur0203/Thr_scan/Thr_scan_full/532386_0_epn029.internal_modSel19.root
/alice/home/fbwogur0203/Thr_scan/Thr_scan_full/532386_0_epn029.internal_modSel1.root
/alice/home/fbwogur0203/Thr_scan/Thr_scan_full/532386_0_epn029.internal_modSel2.root
/alice/home/fbwogur0203/Thr_scan/Thr_scan_full/532386_0_epn029.internal_modSel3.root
/alice/home/fbwogur0203/Thr_scan/Thr_scan_full/532386_0_epn029.internal_modSel4.root
/alice/home/fbwogur0203/Thr_scan/Thr_scan_full/532386_0_epn029.internal_modSel5.root
/alice/home/fbwogur0203/Thr_scan/Thr_scan_full/532386_0_epn029.internal_modSel6.root
/alice/home/fbwogur0203/Thr_scan/Thr_scan_full/532386_0_epn029.internal_modSel7.root
/alice/home/fbwogur0203/Thr_scan/Thr_scan_full/532386_0_epn029.internal_modSel8.root
/alice/home/fbwogur0203/Thr_scan/Thr_scan_full/532386_0_epn029.internal_modSel9.root
/alice/home/fbwogur0203/Thr_scan/Thr_scan_full/532386_0_epn051.internal_modSel0.root
/alice/home/fbwogur0203/Thr_scan/Thr_scan_full/532386_0_epn051.internal_modSel10.root
/alice/home/fbwogur0203/Thr_scan/Thr_scan_full/532386_0_epn051.internal_modSel11.root
/alice/home/fbwogur0203/Thr_scan/Thr_scan_full/532386_0_epn051.internal_modSel12.root
/alice/home/fbwogur0203/Thr_scan/Thr_scan_full/532386_0_epn051.internal_modSel13.root
/alice/home/fbwogur0203/Thr_scan/Thr_scan_full/532386_0_epn051.internal_modSel14.root
/alice/home/fbwogur0203/Thr_scan/Thr_scan_full/532386_0_epn051.internal_modSel15.root
/alice/home/fbwogur0203/Thr_scan/Thr_scan_full/532386_0_epn051.internal_modSel16.root
/alice/home/fbwogur0203/Thr_scan/Thr_scan_full/532386_0_epn051.internal_modSel17.root
/alice/home/fbwogur0203/Thr_scan/Thr_scan_full/532386_0_epn051.internal_modSel18.root
/alice/home/fbwogur0203/Thr_scan/Thr_scan_full/532386_0_epn051.internal_modSel19.root
/alice/home/fbwogur0203/Thr_scan/Thr_scan_full/532386_0_epn051.internal_modSel1.root
/alice/home/fbwogur0203/Thr_scan/Thr_scan_full/532386_0_epn051.internal_modSel2.root
/alice/home/fbwogur0203/Thr_scan/Thr_scan_full/532386_0_epn051.internal_modSel3.root
/alice/home/fbwogur0203/Thr_scan/Thr_scan_full/532386_0_epn051.internal_modSel4.root
/alice/home/fbwogur0203/Thr_scan/Thr_scan_full/532386_0_epn051.internal_modSel5.root
/alice/home/fbwogur0203/Thr_scan/Thr_scan_full/532386_0_epn051.internal_modSel6.root
/alice/home/fbwogur0203/Thr_scan/Thr_scan_full/532386_0_epn051.internal_modSel7.root
/alice/home/fbwogur0203/Thr_scan/Thr_scan_full/532386_0_epn051.internal_modSel8.root
/alice/home/fbwogur0203/Thr_scan/Thr_scan_full/532386_0_epn051.internal_modSel9.root
/alice/home/fbwogur0203/Thr_scan/Thr_scan_full/532386_0_epn052.internal_modSel0.root
/alice/home/fbwogur0203/Thr_scan/Thr_scan_full/532386_0_epn052.internal_modSel10.root
/alice/home/fbwogur0203/Thr_scan/Thr_scan_full/532386_0_epn052.internal_modSel11.root
/alice/home/fbwogur0203/Thr_scan/Thr_scan_full/532386_0_epn052.internal_modSel12.root
/alice/home/fbwogur0203/Thr_scan/Thr_scan_full/532386_0_epn052.internal_modSel13.root
/alice/home/fbwogur0203/Thr_scan/Thr_scan_full/532386_0_epn052.internal_modSel14.root
/alice/home/fbwogur0203/Thr_scan/Thr_scan_full/532386_0_epn052.internal_modSel15.root
/alice/home/fbwogur0203/Thr_scan/Thr_scan_full/532386_0_epn052.internal_modSel16.root
/alice/home/fbwogur0203/Thr_scan/Thr_scan_full/532386_0_epn052.internal_modSel17.root
/alice/home/fbwogur0203/Thr_scan/Thr_scan_full/532386_0_epn052.internal_modSel18.root
/alice/home/fbwogur0203/Thr_scan/Thr_scan_full/532386_0_epn052.internal_modSel19.root
/alice/home/fbwogur0203/Thr_scan/Thr_scan_full/532386_0_epn052.internal_modSel1.root
/alice/home/fbwogur0203/Thr_scan/Thr_scan_full/532386_0_epn052.internal_modSel2.root
/alice/home/fbwogur0203/Thr_scan/Thr_scan_full/532386_0_epn052.internal_modSel3.root
/alice/home/fbwogur0203/Thr_scan/Thr_scan_full/532386_0_epn052.internal_modSel4.root
/alice/home/fbwogur0203/Thr_scan/Thr_scan_full/532386_0_epn052.internal_modSel5.root
/alice/home/fbwogur0203/Thr_scan/Thr_scan_full/532386_0_epn052.internal_modSel6.root
/alice/home/fbwogur0203/Thr_scan/Thr_scan_full/532386_0_epn052.internal_modSel7.root
/alice/home/fbwogur0203/Thr_scan/Thr_scan_full/532386_0_epn052.internal_modSel8.root
/alice/home/fbwogur0203/Thr_scan/Thr_scan_full/532386_0_epn052.internal_modSel9.root
/alice/home/fbwogur0203/Thr_scan/Thr_scan_full/532386_0_epn054.internal_modSel0.root
/alice/home/fbwogur0203/Thr_scan/Thr_scan_full/532386_0_epn054.internal_modSel10.root
/alice/home/fbwogur0203/Thr_scan/Thr_scan_full/532386_0_epn054.internal_modSel11.root
/alice/home/fbwogur0203/Thr_scan/Thr_scan_full/532386_0_epn054.internal_modSel12.root
/alice/home/fbwogur0203/Thr_scan/Thr_scan_full/532386_0_epn054.internal_modSel13.root
/alice/home/fbwogur0203/Thr_scan/Thr_scan_full/532386_0_epn054.internal_modSel14.root
/alice/home/fbwogur0203/Thr_scan/Thr_scan_full/532386_0_epn054.internal_modSel15.root
/alice/home/fbwogur0203/Thr_scan/Thr_scan_full/532386_0_epn054.internal_modSel16.root
/alice/home/fbwogur0203/Thr_scan/Thr_scan_full/532386_0_epn054.internal_modSel17.root
/alice/home/fbwogur0203/Thr_scan/Thr_scan_full/532386_0_epn054.internal_modSel18.root
/alice/home/fbwogur0203/Thr_scan/Thr_scan_full/532386_0_epn054.internal_modSel19.root
/alice/home/fbwogur0203/Thr_scan/Thr_scan_full/532386_0_epn054.internal_modSel1.root
/alice/home/fbwogur0203/Thr_scan/Thr_scan_full/532386_0_epn054.internal_modSel2.root
/alice/home/fbwogur0203/Thr_scan/Thr_scan_full/532386_0_epn054.internal_modSel3.root
/alice/home/fbwogur0203/Thr_scan/Thr_scan_full/532386_0_epn054.internal_modSel4.root
/alice/home/fbwogur0203/Thr_scan/Thr_scan_full/532386_0_epn054.internal_modSel5.root
/alice/home/fbwogur0203/Thr_scan/Thr_scan_full/532386_0_epn054.internal_modSel6.root
/alice/home/fbwogur0203/Thr_scan/Thr_scan_full/532386_0_epn054.internal_modSel7.root
/alice/home/fbwogur0203/Thr_scan/Thr_scan_full/532386_0_epn054.internal_modSel8.root
/alice/home/fbwogur0203/Thr_scan/Thr_scan_full/532386_0_epn054.internal_modSel9.root
/alice/home/fbwogur0203/Thr_scan/Thr_scan_full/532386_0_epn055.internal_modSel0.root
/alice/home/fbwogur0203/Thr_scan/Thr_scan_full/532386_0_epn055.internal_modSel10.root
/alice/home/fbwogur0203/Thr_scan/Thr_scan_full/532386_0_epn055.internal_modSel11.root
/alice/home/fbwogur0203/Thr_scan/Thr_scan_full/532386_0_epn055.internal_modSel12.root
/alice/home/fbwogur0203/Thr_scan/Thr_scan_full/532386_0_epn055.internal_modSel13.root
/alice/home/fbwogur0203/Thr_scan/Thr_scan_full/532386_0_epn055.internal_modSel14.root
/alice/home/fbwogur0203/Thr_scan/Thr_scan_full/532386_0_epn055.internal_modSel15.root
/alice/home/fbwogur0203/Thr_scan/Thr_scan_full/532386_0_epn055.internal_modSel16.root
/alice/home/fbwogur0203/Thr_scan/Thr_scan_full/532386_0_epn055.internal_modSel17.root
/alice/home/fbwogur0203/Thr_scan/Thr_scan_full/532386_0_epn055.internal_modSel18.root
/alice/home/fbwogur0203/Thr_scan/Thr_scan_full/532386_0_epn055.internal_modSel19.root
/alice/home/fbwogur0203/Thr_scan/Thr_scan_full/532386_0_epn055.internal_modSel1.root
/alice/home/fbwogur0203/Thr_scan/Thr_scan_full/532386_0_epn055.internal_modSel2.root
/alice/home/fbwogur0203/Thr_scan/Thr_scan_full/532386_0_epn055.internal_modSel3.root
/alice/home/fbwogur0203/Thr_scan/Thr_scan_full/532386_0_epn055.internal_modSel4.root
/alice/home/fbwogur0203/Thr_scan/Thr_scan_full/532386_0_epn055.internal_modSel5.root
/alice/home/fbwogur0203/Thr_scan/Thr_scan_full/532386_0_epn055.internal_modSel6.root
/alice/home/fbwogur0203/Thr_scan/Thr_scan_full/532386_0_epn055.internal_modSel7.root
/alice/home/fbwogur0203/Thr_scan/Thr_scan_full/532386_0_epn055.internal_modSel8.root
/alice/home/fbwogur0203/Thr_scan/Thr_scan_full/532386_0_epn055.internal_modSel9.root
/alice/home/fbwogur0203/Thr_scan/Thr_scan_full/532386_0_epn056.internal_modSel0.root
/alice/home/fbwogur0203/Thr_scan/Thr_scan_full/532386_0_epn056.internal_modSel10.root
/alice/home/fbwogur0203/Thr_scan/Thr_scan_full/532386_0_epn056.internal_modSel11.root
/alice/home/fbwogur0203/Thr_scan/Thr_scan_full/532386_0_epn056.internal_modSel12.root
/alice/home/fbwogur0203/Thr_scan/Thr_scan_full/532386_0_epn056.internal_modSel13.root
/alice/home/fbwogur0203/Thr_scan/Thr_scan_full/532386_0_epn056.internal_modSel14.root
/alice/home/fbwogur0203/Thr_scan/Thr_scan_full/532386_0_epn056.internal_modSel15.root
/alice/home/fbwogur0203/Thr_scan/Thr_scan_full/532386_0_epn056.internal_modSel16.root
/alice/home/fbwogur0203/Thr_scan/Thr_scan_full/532386_0_epn056.internal_modSel17.root
/alice/home/fbwogur0203/Thr_scan/Thr_scan_full/532386_0_epn056.internal_modSel18.root
/alice/home/fbwogur0203/Thr_scan/Thr_scan_full/532386_0_epn056.internal_modSel19.root
/alice/home/fbwogur0203/Thr_scan/Thr_scan_full/532386_0_epn056.internal_modSel1.root
/alice/home/fbwogur0203/Thr_scan/Thr_scan_full/532386_0_epn056.internal_modSel2.root
/alice/home/fbwogur0203/Thr_scan/Thr_scan_full/532386_0_epn056.internal_modSel3.root
/alice/home/fbwogur0203/Thr_scan/Thr_scan_full/532386_0_epn056.internal_modSel4.root
/alice/home/fbwogur0203/Thr_scan/Thr_scan_full/532386_0_epn056.internal_modSel5.root
/alice/home/fbwogur0203/Thr_scan/Thr_scan_full/532386_0_epn056.internal_modSel6.root
/alice/home/fbwogur0203/Thr_scan/Thr_scan_full/532386_0_epn056.internal_modSel7.root
/alice/home/fbwogur0203/Thr_scan/Thr_scan_full/532386_0_epn056.internal_modSel8.root
/alice/home/fbwogur0203/Thr_scan/Thr_scan_full/532386_0_epn056.internal_modSel9.root
/alice/home/fbwogur0203/Thr_scan/Thr_scan_full/532386_0_epn057.internal_modSel0.root
/alice/home/fbwogur0203/Thr_scan/Thr_scan_full/532386_0_epn057.internal_modSel10.root
/alice/home/fbwogur0203/Thr_scan/Thr_scan_full/532386_0_epn057.internal_modSel11.root
/alice/home/fbwogur0203/Thr_scan/Thr_scan_full/532386_0_epn057.internal_modSel12.root
/alice/home/fbwogur0203/Thr_scan/Thr_scan_full/532386_0_epn057.internal_modSel13.root
/alice/home/fbwogur0203/Thr_scan/Thr_scan_full/532386_0_epn057.internal_modSel14.root
/alice/home/fbwogur0203/Thr_scan/Thr_scan_full/532386_0_epn057.internal_modSel15.root
/alice/home/fbwogur0203/Thr_scan/Thr_scan_full/532386_0_epn057.internal_modSel16.root
/alice/home/fbwogur0203/Thr_scan/Thr_scan_full/532386_0_epn057.internal_modSel17.root
/alice/home/fbwogur0203/Thr_scan/Thr_scan_full/532386_0_epn057.internal_modSel18.root
/alice/home/fbwogur0203/Thr_scan/Thr_scan_full/532386_0_epn057.internal_modSel19.root
/alice/home/fbwogur0203/Thr_scan/Thr_scan_full/532386_0_epn057.internal_modSel1.root
/alice/home/fbwogur0203/Thr_scan/Thr_scan_full/532386_0_epn057.internal_modSel2.root
/alice/home/fbwogur0203/Thr_scan/Thr_scan_full/532386_0_epn057.internal_modSel3.root
/alice/home/fbwogur0203/Thr_scan/Thr_scan_full/532386_0_epn057.internal_modSel4.root
/alice/home/fbwogur0203/Thr_scan/Thr_scan_full/532386_0_epn057.internal_modSel5.root
/alice/home/fbwogur0203/Thr_scan/Thr_scan_full/532386_0_epn057.internal_modSel6.root
/alice/home/fbwogur0203/Thr_scan/Thr_scan_full/532386_0_epn057.internal_modSel7.root
/alice/home/fbwogur0203/Thr_scan/Thr_scan_full/532386_0_epn057.internal_modSel8.root
/alice/home/fbwogur0203/Thr_scan/Thr_scan_full/532386_0_epn057.internal_modSel9.root
/alice/home/fbwogur0203/Thr_scan/Thr_scan_full/532386_0_epn059.internal_modSel0.root
/alice/home/fbwogur0203/Thr_scan/Thr_scan_full/532386_0_epn059.internal_modSel10.root
/alice/home/fbwogur0203/Thr_scan/Thr_scan_full/532386_0_epn059.internal_modSel11.root
/alice/home/fbwogur0203/Thr_scan/Thr_scan_full/532386_0_epn059.internal_modSel12.root
/alice/home/fbwogur0203/Thr_scan/Thr_scan_full/532386_0_epn059.internal_modSel13.root
/alice/home/fbwogur0203/Thr_scan/Thr_scan_full/532386_0_epn059.internal_modSel14.root
/alice/home/fbwogur0203/Thr_scan/Thr_scan_full/532386_0_epn059.internal_modSel15.root
/alice/home/fbwogur0203/Thr_scan/Thr_scan_full/532386_0_epn059.internal_modSel16.root
/alice/home/fbwogur0203/Thr_scan/Thr_scan_full/532386_0_epn059.internal_modSel17.root
/alice/home/fbwogur0203/Thr_scan/Thr_scan_full/532386_0_epn059.internal_modSel18.root
/alice/home/fbwogur0203/Thr_scan/Thr_scan_full/532386_0_epn059.internal_modSel19.root
/alice/home/fbwogur0203/Thr_scan/Thr_scan_full/532386_0_epn059.internal_modSel1.root
/alice/home/fbwogur0203/Thr_scan/Thr_scan_full/532386_0_epn059.internal_modSel2.root
/alice/home/fbwogur0203/Thr_scan/Thr_scan_full/532386_0_epn059.internal_modSel3.root
/alice/home/fbwogur0203/Thr_scan/Thr_scan_full/532386_0_epn059.internal_modSel4.root
/alice/home/fbwogur0203/Thr_scan/Thr_scan_full/532386_0_epn059.internal_modSel5.root
/alice/home/fbwogur0203/Thr_scan/Thr_scan_full/532386_0_epn059.internal_modSel6.root
/alice/home/fbwogur0203/Thr_scan/Thr_scan_full/532386_0_epn059.internal_modSel7.root
/alice/home/fbwogur0203/Thr_scan/Thr_scan_full/532386_0_epn059.internal_modSel8.root
/alice/home/fbwogur0203/Thr_scan/Thr_scan_full/532386_0_epn059.internal_modSel9.root
/alice/home/fbwogur0203/Thr_scan/Thr_scan_full/532386_0_epn060.internal_modSel0.root
/alice/home/fbwogur0203/Thr_scan/Thr_scan_full/532386_0_epn060.internal_modSel10.root
/alice/home/fbwogur0203/Thr_scan/Thr_scan_full/532386_0_epn060.internal_modSel11.root
/alice/home/fbwogur0203/Thr_scan/Thr_scan_full/532386_0_epn060.internal_modSel12.root
/alice/home/fbwogur0203/Thr_scan/Thr_scan_full/532386_0_epn060.internal_modSel13.root
/alice/home/fbwogur0203/Thr_scan/Thr_scan_full/532386_0_epn060.internal_modSel14.root
/alice/home/fbwogur0203/Thr_scan/Thr_scan_full/532386_0_epn060.internal_modSel15.root
/alice/home/fbwogur0203/Thr_scan/Thr_scan_full/532386_0_epn060.internal_modSel16.root
/alice/home/fbwogur0203/Thr_scan/Thr_scan_full/532386_0_epn060.internal_modSel17.root
/alice/home/fbwogur0203/Thr_scan/Thr_scan_full/532386_0_epn060.internal_modSel18.root
/alice/home/fbwogur0203/Thr_scan/Thr_scan_full/532386_0_epn060.internal_modSel19.root
/alice/home/fbwogur0203/Thr_scan/Thr_scan_full/532386_0_epn060.internal_modSel1.root
/alice/home/fbwogur0203/Thr_scan/Thr_scan_full/532386_0_epn060.internal_modSel2.root
/alice/home/fbwogur0203/Thr_scan/Thr_scan_full/532386_0_epn060.internal_modSel3.root
/alice/home/fbwogur0203/Thr_scan/Thr_scan_full/532386_0_epn060.internal_modSel4.root
/alice/home/fbwogur0203/Thr_scan/Thr_scan_full/532386_0_epn060.internal_modSel5.root
/alice/home/fbwogur0203/Thr_scan/Thr_scan_full/532386_0_epn060.internal_modSel6.root
/alice/home/fbwogur0203/Thr_scan/Thr_scan_full/532386_0_epn060.internal_modSel7.root
/alice/home/fbwogur0203/Thr_scan/Thr_scan_full/532386_0_epn060.internal_modSel8.root
/alice/home/fbwogur0203/Thr_scan/Thr_scan_full/532386_0_epn060.internal_modSel9.root
/alice/home/fbwogur0203/Thr_scan/Thr_scan_full/532386_0_epn061.internal_modSel0.root
/alice/home/fbwogur0203/Thr_scan/Thr_scan_full/532386_0_epn061.internal_modSel10.root
/alice/home/fbwogur0203/Thr_scan/Thr_scan_full/532386_0_epn061.internal_modSel11.root
/alice/home/fbwogur0203/Thr_scan/Thr_scan_full/532386_0_epn061.internal_modSel12.root
/alice/home/fbwogur0203/Thr_scan/Thr_scan_full/532386_0_epn061.internal_modSel13.root
/alice/home/fbwogur0203/Thr_scan/Thr_scan_full/532386_0_epn061.internal_modSel14.root
/alice/home/fbwogur0203/Thr_scan/Thr_scan_full/532386_0_epn061.internal_modSel15.root
/alice/home/fbwogur0203/Thr_scan/Thr_scan_full/532386_0_epn061.internal_modSel16.root
/alice/home/fbwogur0203/Thr_scan/Thr_scan_full/532386_0_epn061.internal_modSel17.root
/alice/home/fbwogur0203/Thr_scan/Thr_scan_full/532386_0_epn061.internal_modSel18.root
/alice/home/fbwogur0203/Thr_scan/Thr_scan_full/532386_0_epn061.internal_modSel19.root
/alice/home/fbwogur0203/Thr_scan/Thr_scan_full/532386_0_epn061.internal_modSel1.root
/alice/home/fbwogur0203/Thr_scan/Thr_scan_full/532386_0_epn061.internal_modSel2.root
/alice/home/fbwogur0203/Thr_scan/Thr_scan_full/532386_0_epn061.internal_modSel3.root
/alice/home/fbwogur0203/Thr_scan/Thr_scan_full/532386_0_epn061.internal_modSel4.root
/alice/home/fbwogur0203/Thr_scan/Thr_scan_full/532386_0_epn061.internal_modSel5.root
/alice/home/fbwogur0203/Thr_scan/Thr_scan_full/532386_0_epn061.internal_modSel6.root
/alice/home/fbwogur0203/Thr_scan/Thr_scan_full/532386_0_epn061.internal_modSel7.root
/alice/home/fbwogur0203/Thr_scan/Thr_scan_full/532386_0_epn061.internal_modSel8.root
/alice/home/fbwogur0203/Thr_scan/Thr_scan_full/532386_0_epn061.internal_modSel9.root
/alice/home/fbwogur0203/Thr_scan/Thr_scan_full/532386_0_epn083.internal_modSel0.root
/alice/home/fbwogur0203/Thr_scan/Thr_scan_full/532386_0_epn083.internal_modSel10.root
/alice/home/fbwogur0203/Thr_scan/Thr_scan_full/532386_0_epn083.internal_modSel11.root
/alice/home/fbwogur0203/Thr_scan/Thr_scan_full/532386_0_epn083.internal_modSel12.root
/alice/home/fbwogur0203/Thr_scan/Thr_scan_full/532386_0_epn083.internal_modSel13.root
/alice/home/fbwogur0203/Thr_scan/Thr_scan_full/532386_0_epn083.internal_modSel14.root
/alice/home/fbwogur0203/Thr_scan/Thr_scan_full/532386_0_epn083.internal_modSel15.root
/alice/home/fbwogur0203/Thr_scan/Thr_scan_full/532386_0_epn083.internal_modSel16.root
/alice/home/fbwogur0203/Thr_scan/Thr_scan_full/532386_0_epn083.internal_modSel17.root
/alice/home/fbwogur0203/Thr_scan/Thr_scan_full/532386_0_epn083.internal_modSel18.root
/alice/home/fbwogur0203/Thr_scan/Thr_scan_full/532386_0_epn083.internal_modSel19.root
/alice/home/fbwogur0203/Thr_scan/Thr_scan_full/532386_0_epn083.internal_modSel1.root
/alice/home/fbwogur0203/Thr_scan/Thr_scan_full/532386_0_epn083.internal_modSel2.root
/alice/home/fbwogur0203/Thr_scan/Thr_scan_full/532386_0_epn083.internal_modSel3.root
/alice/home/fbwogur0203/Thr_scan/Thr_scan_full/532386_0_epn083.internal_modSel4.root
/alice/home/fbwogur0203/Thr_scan/Thr_scan_full/532386_0_epn083.internal_modSel5.root
/alice/home/fbwogur0203/Thr_scan/Thr_scan_full/532386_0_epn083.internal_modSel6.root
/alice/home/fbwogur0203/Thr_scan/Thr_scan_full/532386_0_epn083.internal_modSel7.root
/alice/home/fbwogur0203/Thr_scan/Thr_scan_full/532386_0_epn083.internal_modSel8.root
/alice/home/fbwogur0203/Thr_scan/Thr_scan_full/532386_0_epn083.internal_modSel9.root
/alice/home/fbwogur0203/Thr_scan/Thr_scan_full/532386_0_epn084.internal_modSel0.root
/alice/home/fbwogur0203/Thr_scan/Thr_scan_full/532386_0_epn084.internal_modSel10.root
/alice/home/fbwogur0203/Thr_scan/Thr_scan_full/532386_0_epn084.internal_modSel11.root
/alice/home/fbwogur0203/Thr_scan/Thr_scan_full/532386_0_epn084.internal_modSel12.root
/alice/home/fbwogur0203/Thr_scan/Thr_scan_full/532386_0_epn084.internal_modSel13.root
/alice/home/fbwogur0203/Thr_scan/Thr_scan_full/532386_0_epn084.internal_modSel14.root
/alice/home/fbwogur0203/Thr_scan/Thr_scan_full/532386_0_epn084.internal_modSel15.root
/alice/home/fbwogur0203/Thr_scan/Thr_scan_full/532386_0_epn084.internal_modSel16.root
/alice/home/fbwogur0203/Thr_scan/Thr_scan_full/532386_0_epn084.internal_modSel17.root
/alice/home/fbwogur0203/Thr_scan/Thr_scan_full/532386_0_epn084.internal_modSel18.root
/alice/home/fbwogur0203/Thr_scan/Thr_scan_full/532386_0_epn084.internal_modSel19.root
/alice/home/fbwogur0203/Thr_scan/Thr_scan_full/532386_0_epn084.internal_modSel1.root
/alice/home/fbwogur0203/Thr_scan/Thr_scan_full/532386_0_epn084.internal_modSel2.root
/alice/home/fbwogur0203/Thr_scan/Thr_scan_full/532386_0_epn084.internal_modSel3.root
/alice/home/fbwogur0203/Thr_scan/Thr_scan_full/532386_0_epn084.internal_modSel4.root
/alice/home/fbwogur0203/Thr_scan/Thr_scan_full/532386_0_epn084.internal_modSel5.root
/alice/home/fbwogur0203/Thr_scan/Thr_scan_full/532386_0_epn084.internal_modSel6.root
/alice/home/fbwogur0203/Thr_scan/Thr_scan_full/532386_0_epn084.internal_modSel7.root
/alice/home/fbwogur0203/Thr_scan/Thr_scan_full/532386_0_epn084.internal_modSel8.root
/alice/home/fbwogur0203/Thr_scan/Thr_scan_full/532386_0_epn084.internal_modSel9.root
/alice/home/fbwogur0203/Thr_scan/Thr_scan_full/532386_0_epn086.internal_modSel0.root
/alice/home/fbwogur0203/Thr_scan/Thr_scan_full/532386_0_epn086.internal_modSel10.root
/alice/home/fbwogur0203/Thr_scan/Thr_scan_full/532386_0_epn086.internal_modSel11.root
/alice/home/fbwogur0203/Thr_scan/Thr_scan_full/532386_0_epn086.internal_modSel12.root
/alice/home/fbwogur0203/Thr_scan/Thr_scan_full/532386_0_epn086.internal_modSel13.root
/alice/home/fbwogur0203/Thr_scan/Thr_scan_full/532386_0_epn086.internal_modSel14.root
/alice/home/fbwogur0203/Thr_scan/Thr_scan_full/532386_0_epn086.internal_modSel15.root
/alice/home/fbwogur0203/Thr_scan/Thr_scan_full/532386_0_epn086.internal_modSel16.root
/alice/home/fbwogur0203/Thr_scan/Thr_scan_full/532386_0_epn086.internal_modSel17.root
/alice/home/fbwogur0203/Thr_scan/Thr_scan_full/532386_0_epn086.internal_modSel18.root
/alice/home/fbwogur0203/Thr_scan/Thr_scan_full/532386_0_epn086.internal_modSel19.root
/alice/home/fbwogur0203/Thr_scan/Thr_scan_full/532386_0_epn086.internal_modSel1.root
/alice/home/fbwogur0203/Thr_scan/Thr_scan_full/532386_0_epn086.internal_modSel2.root
/alice/home/fbwogur0203/Thr_scan/Thr_scan_full/532386_0_epn086.internal_modSel3.root
/alice/home/fbwogur0203/Thr_scan/Thr_scan_full/532386_0_epn086.internal_modSel4.root
/alice/home/fbwogur0203/Thr_scan/Thr_scan_full/532386_0_epn086.internal_modSel5.root
/alice/home/fbwogur0203/Thr_scan/Thr_scan_full/532386_0_epn086.internal_modSel6.root
/alice/home/fbwogur0203/Thr_scan/Thr_scan_full/532386_0_epn086.internal_modSel7.root
/alice/home/fbwogur0203/Thr_scan/Thr_scan_full/532386_0_epn086.internal_modSel8.root
/alice/home/fbwogur0203/Thr_scan/Thr_scan_full/532386_0_epn086.internal_modSel9.root
/alice/home/fbwogur0203/Thr_scan/Thr_scan_full/532386_0_epn087.internal_modSel0.root
/alice/home/fbwogur0203/Thr_scan/Thr_scan_full/532386_0_epn087.internal_modSel10.root
/alice/home/fbwogur0203/Thr_scan/Thr_scan_full/532386_0_epn087.internal_modSel11.root
/alice/home/fbwogur0203/Thr_scan/Thr_scan_full/532386_0_epn087.internal_modSel12.root
/alice/home/fbwogur0203/Thr_scan/Thr_scan_full/532386_0_epn087.internal_modSel13.root
/alice/home/fbwogur0203/Thr_scan/Thr_scan_full/532386_0_epn087.internal_modSel14.root
/alice/home/fbwogur0203/Thr_scan/Thr_scan_full/532386_0_epn087.internal_modSel15.root
/alice/home/fbwogur0203/Thr_scan/Thr_scan_full/532386_0_epn087.internal_modSel16.root
/alice/home/fbwogur0203/Thr_scan/Thr_scan_full/532386_0_epn087.internal_modSel17.root
/alice/home/fbwogur0203/Thr_scan/Thr_scan_full/532386_0_epn087.internal_modSel18.root
/alice/home/fbwogur0203/Thr_scan/Thr_scan_full/532386_0_epn087.internal_modSel19.root
/alice/home/fbwogur0203/Thr_scan/Thr_scan_full/532386_0_epn087.internal_modSel1.root
/alice/home/fbwogur0203/Thr_scan/Thr_scan_full/532386_0_epn087.internal_modSel2.root
/alice/home/fbwogur0203/Thr_scan/Thr_scan_full/532386_0_epn087.internal_modSel3.root
/alice/home/fbwogur0203/Thr_scan/Thr_scan_full/532386_0_epn087.internal_modSel4.root
/alice/home/fbwogur0203/Thr_scan/Thr_scan_full/532386_0_epn087.internal_modSel5.root
/alice/home/fbwogur0203/Thr_scan/Thr_scan_full/532386_0_epn087.internal_modSel6.root
/alice/home/fbwogur0203/Thr_scan/Thr_scan_full/532386_0_epn087.internal_modSel7.root
/alice/home/fbwogur0203/Thr_scan/Thr_scan_full/532386_0_epn087.internal_modSel8.root
/alice/home/fbwogur0203/Thr_scan/Thr_scan_full/532386_0_epn087.internal_modSel9.root
/alice/home/fbwogur0203/Thr_scan/Thr_scan_full/532386_0_epn088.internal_modSel0.root
/alice/home/fbwogur0203/Thr_scan/Thr_scan_full/532386_0_epn088.internal_modSel10.root
/alice/home/fbwogur0203/Thr_scan/Thr_scan_full/532386_0_epn088.internal_modSel11.root
/alice/home/fbwogur0203/Thr_scan/Thr_scan_full/532386_0_epn088.internal_modSel12.root
/alice/home/fbwogur0203/Thr_scan/Thr_scan_full/532386_0_epn088.internal_modSel13.root
/alice/home/fbwogur0203/Thr_scan/Thr_scan_full/532386_0_epn088.internal_modSel14.root
/alice/home/fbwogur0203/Thr_scan/Thr_scan_full/532386_0_epn088.internal_modSel15.root
/alice/home/fbwogur0203/Thr_scan/Thr_scan_full/532386_0_epn088.internal_modSel16.root
/alice/home/fbwogur0203/Thr_scan/Thr_scan_full/532386_0_epn088.internal_modSel17.root
/alice/home/fbwogur0203/Thr_scan/Thr_scan_full/532386_0_epn088.internal_modSel18.root
/alice/home/fbwogur0203/Thr_scan/Thr_scan_full/532386_0_epn088.internal_modSel19.root
/alice/home/fbwogur0203/Thr_scan/Thr_scan_full/532386_0_epn088.internal_modSel1.root
/alice/home/fbwogur0203/Thr_scan/Thr_scan_full/532386_0_epn088.internal_modSel2.root
/alice/home/fbwogur0203/Thr_scan/Thr_scan_full/532386_0_epn088.internal_modSel3.root
/alice/home/fbwogur0203/Thr_scan/Thr_scan_full/532386_0_epn088.internal_modSel4.root
/alice/home/fbwogur0203/Thr_scan/Thr_scan_full/532386_0_epn088.internal_modSel5.root
/alice/home/fbwogur0203/Thr_scan/Thr_scan_full/532386_0_epn088.internal_modSel6.root
/alice/home/fbwogur0203/Thr_scan/Thr_scan_full/532386_0_epn088.internal_modSel7.root
/alice/home/fbwogur0203/Thr_scan/Thr_scan_full/532386_0_epn088.internal_modSel8.root
/alice/home/fbwogur0203/Thr_scan/Thr_scan_full/532386_0_epn088.internal_modSel9.root
/alice/home/fbwogur0203/Thr_scan/Thr_scan_full/532386_0_epn089.internal_modSel0.root
/alice/home/fbwogur0203/Thr_scan/Thr_scan_full/532386_0_epn089.internal_modSel10.root
/alice/home/fbwogur0203/Thr_scan/Thr_scan_full/532386_0_epn089.internal_modSel11.root
/alice/home/fbwogur0203/Thr_scan/Thr_scan_full/532386_0_epn089.internal_modSel12.root
/alice/home/fbwogur0203/Thr_scan/Thr_scan_full/532386_0_epn089.internal_modSel13.root
/alice/home/fbwogur0203/Thr_scan/Thr_scan_full/532386_0_epn089.internal_modSel14.root
/alice/home/fbwogur0203/Thr_scan/Thr_scan_full/532386_0_epn089.internal_modSel15.root
/alice/home/fbwogur0203/Thr_scan/Thr_scan_full/532386_0_epn089.internal_modSel16.root
/alice/home/fbwogur0203/Thr_scan/Thr_scan_full/532386_0_epn089.internal_modSel17.root
/alice/home/fbwogur0203/Thr_scan/Thr_scan_full/532386_0_epn089.internal_modSel18.root
/alice/home/fbwogur0203/Thr_scan/Thr_scan_full/532386_0_epn089.internal_modSel19.root
/alice/home/fbwogur0203/Thr_scan/Thr_scan_full/532386_0_epn089.internal_modSel1.root
/alice/home/fbwogur0203/Thr_scan/Thr_scan_full/532386_0_epn089.internal_modSel2.root
/alice/home/fbwogur0203/Thr_scan/Thr_scan_full/532386_0_epn089.internal_modSel3.root
/alice/home/fbwogur0203/Thr_scan/Thr_scan_full/532386_0_epn089.internal_modSel4.root
/alice/home/fbwogur0203/Thr_scan/Thr_scan_full/532386_0_epn089.internal_modSel5.root
/alice/home/fbwogur0203/Thr_scan/Thr_scan_full/532386_0_epn089.internal_modSel6.root
/alice/home/fbwogur0203/Thr_scan/Thr_scan_full/532386_0_epn089.internal_modSel7.root
/alice/home/fbwogur0203/Thr_scan/Thr_scan_full/532386_0_epn089.internal_modSel8.root
/alice/home/fbwogur0203/Thr_scan/Thr_scan_full/532386_0_epn089.internal_modSel9.root
/alice/home/fbwogur0203/Thr_scan/Thr_scan_full/532386_0_epn091.internal_modSel0.root
/alice/home/fbwogur0203/Thr_scan/Thr_scan_full/532386_0_epn091.internal_modSel10.root
/alice/home/fbwogur0203/Thr_scan/Thr_scan_full/532386_0_epn091.internal_modSel11.root
/alice/home/fbwogur0203/Thr_scan/Thr_scan_full/532386_0_epn091.internal_modSel12.root
/alice/home/fbwogur0203/Thr_scan/Thr_scan_full/532386_0_epn091.internal_modSel13.root
/alice/home/fbwogur0203/Thr_scan/Thr_scan_full/532386_0_epn091.internal_modSel14.root
/alice/home/fbwogur0203/Thr_scan/Thr_scan_full/532386_0_epn091.internal_modSel15.root
/alice/home/fbwogur0203/Thr_scan/Thr_scan_full/532386_0_epn091.internal_modSel16.root
/alice/home/fbwogur0203/Thr_scan/Thr_scan_full/532386_0_epn091.internal_modSel17.root
/alice/home/fbwogur0203/Thr_scan/Thr_scan_full/532386_0_epn091.internal_modSel18.root
/alice/home/fbwogur0203/Thr_scan/Thr_scan_full/532386_0_epn091.internal_modSel19.root
/alice/home/fbwogur0203/Thr_scan/Thr_scan_full/532386_0_epn091.internal_modSel1.root
/alice/home/fbwogur0203/Thr_scan/Thr_scan_full/532386_0_epn091.internal_modSel2.root
/alice/home/fbwogur0203/Thr_scan/Thr_scan_full/532386_0_epn091.internal_modSel3.root
/alice/home/fbwogur0203/Thr_scan/Thr_scan_full/532386_0_epn091.internal_modSel4.root
/alice/home/fbwogur0203/Thr_scan/Thr_scan_full/532386_0_epn091.internal_modSel5.root
/alice/home/fbwogur0203/Thr_scan/Thr_scan_full/532386_0_epn091.internal_modSel6.root
/alice/home/fbwogur0203/Thr_scan/Thr_scan_full/532386_0_epn091.internal_modSel7.root
/alice/home/fbwogur0203/Thr_scan/Thr_scan_full/532386_0_epn091.internal_modSel8.root
/alice/home/fbwogur0203/Thr_scan/Thr_scan_full/532386_0_epn091.internal_modSel9.root
/alice/home/fbwogur0203/Thr_scan/Thr_scan_full/532386_0_epn092.internal_modSel0.root
/alice/home/fbwogur0203/Thr_scan/Thr_scan_full/532386_0_epn092.internal_modSel10.root
/alice/home/fbwogur0203/Thr_scan/Thr_scan_full/532386_0_epn092.internal_modSel11.root
/alice/home/fbwogur0203/Thr_scan/Thr_scan_full/532386_0_epn092.internal_modSel12.root
/alice/home/fbwogur0203/Thr_scan/Thr_scan_full/532386_0_epn092.internal_modSel13.root
/alice/home/fbwogur0203/Thr_scan/Thr_scan_full/532386_0_epn092.internal_modSel14.root
/alice/home/fbwogur0203/Thr_scan/Thr_scan_full/532386_0_epn092.internal_modSel15.root
/alice/home/fbwogur0203/Thr_scan/Thr_scan_full/532386_0_epn092.internal_modSel16.root
/alice/home/fbwogur0203/Thr_scan/Thr_scan_full/532386_0_epn092.internal_modSel17.root
/alice/home/fbwogur0203/Thr_scan/Thr_scan_full/532386_0_epn092.internal_modSel18.root
/alice/home/fbwogur0203/Thr_scan/Thr_scan_full/532386_0_epn092.internal_modSel19.root
/alice/home/fbwogur0203/Thr_scan/Thr_scan_full/532386_0_epn092.internal_modSel1.root
/alice/home/fbwogur0203/Thr_scan/Thr_scan_full/532386_0_epn092.internal_modSel2.root
/alice/home/fbwogur0203/Thr_scan/Thr_scan_full/532386_0_epn092.internal_modSel3.root
/alice/home/fbwogur0203/Thr_scan/Thr_scan_full/532386_0_epn092.internal_modSel4.root
/alice/home/fbwogur0203/Thr_scan/Thr_scan_full/532386_0_epn092.internal_modSel5.root
/alice/home/fbwogur0203/Thr_scan/Thr_scan_full/532386_0_epn092.internal_modSel6.root
/alice/home/fbwogur0203/Thr_scan/Thr_scan_full/532386_0_epn092.internal_modSel7.root
/alice/home/fbwogur0203/Thr_scan/Thr_scan_full/532386_0_epn092.internal_modSel8.root
/alice/home/fbwogur0203/Thr_scan/Thr_scan_full/532386_0_epn092.internal_modSel9.root
/alice/home/fbwogur0203/Thr_scan/Thr_scan_full/532386_0_epn093.internal_modSel0.root
/alice/home/fbwogur0203/Thr_scan/Thr_scan_full/532386_0_epn093.internal_modSel10.root
/alice/home/fbwogur0203/Thr_scan/Thr_scan_full/532386_0_epn093.internal_modSel11.root
/alice/home/fbwogur0203/Thr_scan/Thr_scan_full/532386_0_epn093.internal_modSel12.root
/alice/home/fbwogur0203/Thr_scan/Thr_scan_full/532386_0_epn093.internal_modSel13.root
/alice/home/fbwogur0203/Thr_scan/Thr_scan_full/532386_0_epn093.internal_modSel14.root
/alice/home/fbwogur0203/Thr_scan/Thr_scan_full/532386_0_epn093.internal_modSel15.root
/alice/home/fbwogur0203/Thr_scan/Thr_scan_full/532386_0_epn093.internal_modSel16.root
/alice/home/fbwogur0203/Thr_scan/Thr_scan_full/532386_0_epn093.internal_modSel17.root
/alice/home/fbwogur0203/Thr_scan/Thr_scan_full/532386_0_epn093.internal_modSel18.root
/alice/home/fbwogur0203/Thr_scan/Thr_scan_full/532386_0_epn093.internal_modSel19.root
/alice/home/fbwogur0203/Thr_scan/Thr_scan_full/532386_0_epn093.internal_modSel1.root
/alice/home/fbwogur0203/Thr_scan/Thr_scan_full/532386_0_epn093.internal_modSel2.root
/alice/home/fbwogur0203/Thr_scan/Thr_scan_full/532386_0_epn093.internal_modSel3.root
/alice/home/fbwogur0203/Thr_scan/Thr_scan_full/532386_0_epn093.internal_modSel4.root
/alice/home/fbwogur0203/Thr_scan/Thr_scan_full/532386_0_epn093.internal_modSel5.root
/alice/home/fbwogur0203/Thr_scan/Thr_scan_full/532386_0_epn093.internal_modSel6.root
/alice/home/fbwogur0203/Thr_scan/Thr_scan_full/532386_0_epn093.internal_modSel7.root
/alice/home/fbwogur0203/Thr_scan/Thr_scan_full/532386_0_epn093.internal_modSel8.root
/alice/home/fbwogur0203/Thr_scan/Thr_scan_full/532386_0_epn093.internal_modSel9.root
/alice/home/fbwogur0203/Thr_scan/Thr_scan_full/532386_0_epn114.internal_modSel0.root
/alice/home/fbwogur0203/Thr_scan/Thr_scan_full/532386_0_epn114.internal_modSel10.root
/alice/home/fbwogur0203/Thr_scan/Thr_scan_full/532386_0_epn114.internal_modSel11.root
/alice/home/fbwogur0203/Thr_scan/Thr_scan_full/532386_0_epn114.internal_modSel12.root
/alice/home/fbwogur0203/Thr_scan/Thr_scan_full/532386_0_epn114.internal_modSel13.root
/alice/home/fbwogur0203/Thr_scan/Thr_scan_full/532386_0_epn114.internal_modSel14.root
/alice/home/fbwogur0203/Thr_scan/Thr_scan_full/532386_0_epn114.internal_modSel15.root
/alice/home/fbwogur0203/Thr_scan/Thr_scan_full/532386_0_epn114.internal_modSel16.root
/alice/home/fbwogur0203/Thr_scan/Thr_scan_full/532386_0_epn114.internal_modSel17.root
/alice/home/fbwogur0203/Thr_scan/Thr_scan_full/532386_0_epn114.internal_modSel18.root
/alice/home/fbwogur0203/Thr_scan/Thr_scan_full/532386_0_epn114.internal_modSel19.root
/alice/home/fbwogur0203/Thr_scan/Thr_scan_full/532386_0_epn114.internal_modSel1.root
/alice/home/fbwogur0203/Thr_scan/Thr_scan_full/532386_0_epn114.internal_modSel2.root
/alice/home/fbwogur0203/Thr_scan/Thr_scan_full/532386_0_epn114.internal_modSel3.root
/alice/home/fbwogur0203/Thr_scan/Thr_scan_full/532386_0_epn114.internal_modSel4.root
/alice/home/fbwogur0203/Thr_scan/Thr_scan_full/532386_0_epn114.internal_modSel5.root
/alice/home/fbwogur0203/Thr_scan/Thr_scan_full/532386_0_epn114.internal_modSel6.root
/alice/home/fbwogur0203/Thr_scan/Thr_scan_full/532386_0_epn114.internal_modSel7.root
/alice/home/fbwogur0203/Thr_scan/Thr_scan_full/532386_0_epn114.internal_modSel8.root
/alice/home/fbwogur0203/Thr_scan/Thr_scan_full/532386_0_epn114.internal_modSel9.root
/alice/home/fbwogur0203/Thr_scan/Thr_scan_full/532386_0_epn115.internal_modSel0.root
/alice/home/fbwogur0203/Thr_scan/Thr_scan_full/532386_0_epn115.internal_modSel10.root
/alice/home/fbwogur0203/Thr_scan/Thr_scan_full/532386_0_epn115.internal_modSel11.root
/alice/home/fbwogur0203/Thr_scan/Thr_scan_full/532386_0_epn115.internal_modSel12.root
/alice/home/fbwogur0203/Thr_scan/Thr_scan_full/532386_0_epn115.internal_modSel13.root
/alice/home/fbwogur0203/Thr_scan/Thr_scan_full/532386_0_epn115.internal_modSel14.root
/alice/home/fbwogur0203/Thr_scan/Thr_scan_full/532386_0_epn115.internal_modSel15.root
/alice/home/fbwogur0203/Thr_scan/Thr_scan_full/532386_0_epn115.internal_modSel16.root
/alice/home/fbwogur0203/Thr_scan/Thr_scan_full/532386_0_epn115.internal_modSel17.root
/alice/home/fbwogur0203/Thr_scan/Thr_scan_full/532386_0_epn115.internal_modSel18.root
/alice/home/fbwogur0203/Thr_scan/Thr_scan_full/532386_0_epn115.internal_modSel19.root
/alice/home/fbwogur0203/Thr_scan/Thr_scan_full/532386_0_epn115.internal_modSel1.root
/alice/home/fbwogur0203/Thr_scan/Thr_scan_full/532386_0_epn115.internal_modSel2.root
/alice/home/fbwogur0203/Thr_scan/Thr_scan_full/532386_0_epn115.internal_modSel3.root
/alice/home/fbwogur0203/Thr_scan/Thr_scan_full/532386_0_epn115.internal_modSel4.root
/alice/home/fbwogur0203/Thr_scan/Thr_scan_full/532386_0_epn115.internal_modSel5.root
/alice/home/fbwogur0203/Thr_scan/Thr_scan_full/532386_0_epn115.internal_modSel6.root
/alice/home/fbwogur0203/Thr_scan/Thr_scan_full/532386_0_epn115.internal_modSel7.root
/alice/home/fbwogur0203/Thr_scan/Thr_scan_full/532386_0_epn115.internal_modSel8.root
/alice/home/fbwogur0203/Thr_scan/Thr_scan_full/532386_0_epn115.internal_modSel9.root
/alice/home/fbwogur0203/Thr_scan/Thr_scan_full/532386_0_epn116.internal_modSel0.root
/alice/home/fbwogur0203/Thr_scan/Thr_scan_full/532386_0_epn116.internal_modSel10.root
/alice/home/fbwogur0203/Thr_scan/Thr_scan_full/532386_0_epn116.internal_modSel11.root
/alice/home/fbwogur0203/Thr_scan/Thr_scan_full/532386_0_epn116.internal_modSel12.root
/alice/home/fbwogur0203/Thr_scan/Thr_scan_full/532386_0_epn116.internal_modSel13.root
/alice/home/fbwogur0203/Thr_scan/Thr_scan_full/532386_0_epn116.internal_modSel14.root
/alice/home/fbwogur0203/Thr_scan/Thr_scan_full/532386_0_epn116.internal_modSel15.root
/alice/home/fbwogur0203/Thr_scan/Thr_scan_full/532386_0_epn116.internal_modSel16.root
/alice/home/fbwogur0203/Thr_scan/Thr_scan_full/532386_0_epn116.internal_modSel17.root
/alice/home/fbwogur0203/Thr_scan/Thr_scan_full/532386_0_epn116.internal_modSel18.root
/alice/home/fbwogur0203/Thr_scan/Thr_scan_full/532386_0_epn116.internal_modSel19.root
/alice/home/fbwogur0203/Thr_scan/Thr_scan_full/532386_0_epn116.internal_modSel1.root
/alice/home/fbwogur0203/Thr_scan/Thr_scan_full/532386_0_epn116.internal_modSel2.root
/alice/home/fbwogur0203/Thr_scan/Thr_scan_full/532386_0_epn116.internal_modSel3.root
/alice/home/fbwogur0203/Thr_scan/Thr_scan_full/532386_0_epn116.internal_modSel4.root
/alice/home/fbwogur0203/Thr_scan/Thr_scan_full/532386_0_epn116.internal_modSel5.root
/alice/home/fbwogur0203/Thr_scan/Thr_scan_full/532386_0_epn116.internal_modSel6.root
/alice/home/fbwogur0203/Thr_scan/Thr_scan_full/532386_0_epn116.internal_modSel7.root
/alice/home/fbwogur0203/Thr_scan/Thr_scan_full/532386_0_epn116.internal_modSel8.root
/alice/home/fbwogur0203/Thr_scan/Thr_scan_full/532386_0_epn116.internal_modSel9.root
/alice/home/fbwogur0203/Thr_scan/Thr_scan_full/532386_0_epn118.internal_modSel0.root
/alice/home/fbwogur0203/Thr_scan/Thr_scan_full/532386_0_epn118.internal_modSel10.root
/alice/home/fbwogur0203/Thr_scan/Thr_scan_full/532386_0_epn118.internal_modSel11.root
/alice/home/fbwogur0203/Thr_scan/Thr_scan_full/532386_0_epn118.internal_modSel12.root
/alice/home/fbwogur0203/Thr_scan/Thr_scan_full/532386_0_epn118.internal_modSel13.root
/alice/home/fbwogur0203/Thr_scan/Thr_scan_full/532386_0_epn118.internal_modSel14.root
/alice/home/fbwogur0203/Thr_scan/Thr_scan_full/532386_0_epn118.internal_modSel15.root
/alice/home/fbwogur0203/Thr_scan/Thr_scan_full/532386_0_epn118.internal_modSel16.root
/alice/home/fbwogur0203/Thr_scan/Thr_scan_full/532386_0_epn118.internal_modSel17.root
/alice/home/fbwogur0203/Thr_scan/Thr_scan_full/532386_0_epn118.internal_modSel18.root
/alice/home/fbwogur0203/Thr_scan/Thr_scan_full/532386_0_epn118.internal_modSel19.root
/alice/home/fbwogur0203/Thr_scan/Thr_scan_full/532386_0_epn118.internal_modSel1.root
/alice/home/fbwogur0203/Thr_scan/Thr_scan_full/532386_0_epn118.internal_modSel2.root
/alice/home/fbwogur0203/Thr_scan/Thr_scan_full/532386_0_epn118.internal_modSel3.root
/alice/home/fbwogur0203/Thr_scan/Thr_scan_full/532386_0_epn118.internal_modSel4.root
/alice/home/fbwogur0203/Thr_scan/Thr_scan_full/532386_0_epn118.internal_modSel5.root
/alice/home/fbwogur0203/Thr_scan/Thr_scan_full/532386_0_epn118.internal_modSel6.root
/alice/home/fbwogur0203/Thr_scan/Thr_scan_full/532386_0_epn118.internal_modSel7.root
/alice/home/fbwogur0203/Thr_scan/Thr_scan_full/532386_0_epn118.internal_modSel8.root
/alice/home/fbwogur0203/Thr_scan/Thr_scan_full/532386_0_epn118.internal_modSel9.root
/alice/home/fbwogur0203/Thr_scan/Thr_scan_full/532386_0_epn119.internal_modSel0.root
/alice/home/fbwogur0203/Thr_scan/Thr_scan_full/532386_0_epn119.internal_modSel10.root
/alice/home/fbwogur0203/Thr_scan/Thr_scan_full/532386_0_epn119.internal_modSel11.root
/alice/home/fbwogur0203/Thr_scan/Thr_scan_full/532386_0_epn119.internal_modSel12.root
/alice/home/fbwogur0203/Thr_scan/Thr_scan_full/532386_0_epn119.internal_modSel13.root
/alice/home/fbwogur0203/Thr_scan/Thr_scan_full/532386_0_epn119.internal_modSel14.root
/alice/home/fbwogur0203/Thr_scan/Thr_scan_full/532386_0_epn119.internal_modSel15.root
/alice/home/fbwogur0203/Thr_scan/Thr_scan_full/532386_0_epn119.internal_modSel16.root
/alice/home/fbwogur0203/Thr_scan/Thr_scan_full/532386_0_epn119.internal_modSel17.root
/alice/home/fbwogur0203/Thr_scan/Thr_scan_full/532386_0_epn119.internal_modSel18.root
/alice/home/fbwogur0203/Thr_scan/Thr_scan_full/532386_0_epn119.internal_modSel19.root
/alice/home/fbwogur0203/Thr_scan/Thr_scan_full/532386_0_epn119.internal_modSel1.root
/alice/home/fbwogur0203/Thr_scan/Thr_scan_full/532386_0_epn119.internal_modSel2.root
/alice/home/fbwogur0203/Thr_scan/Thr_scan_full/532386_0_epn119.internal_modSel3.root
/alice/home/fbwogur0203/Thr_scan/Thr_scan_full/532386_0_epn119.internal_modSel4.root
/alice/home/fbwogur0203/Thr_scan/Thr_scan_full/532386_0_epn119.internal_modSel5.root
/alice/home/fbwogur0203/Thr_scan/Thr_scan_full/532386_0_epn119.internal_modSel6.root
/alice/home/fbwogur0203/Thr_scan/Thr_scan_full/532386_0_epn119.internal_modSel7.root
/alice/home/fbwogur0203/Thr_scan/Thr_scan_full/532386_0_epn119.internal_modSel8.root
/alice/home/fbwogur0203/Thr_scan/Thr_scan_full/532386_0_epn119.internal_modSel9.root
/alice/home/fbwogur0203/Thr_scan/Thr_scan_full/532386_0_epn120.internal_modSel0.root
/alice/home/fbwogur0203/Thr_scan/Thr_scan_full/532386_0_epn120.internal_modSel10.root
/alice/home/fbwogur0203/Thr_scan/Thr_scan_full/532386_0_epn120.internal_modSel11.root
/alice/home/fbwogur0203/Thr_scan/Thr_scan_full/532386_0_epn120.internal_modSel12.root
/alice/home/fbwogur0203/Thr_scan/Thr_scan_full/532386_0_epn120.internal_modSel13.root
/alice/home/fbwogur0203/Thr_scan/Thr_scan_full/532386_0_epn120.internal_modSel14.root
/alice/home/fbwogur0203/Thr_scan/Thr_scan_full/532386_0_epn120.internal_modSel15.root
/alice/home/fbwogur0203/Thr_scan/Thr_scan_full/532386_0_epn120.internal_modSel16.root
/alice/home/fbwogur0203/Thr_scan/Thr_scan_full/532386_0_epn120.internal_modSel17.root
/alice/home/fbwogur0203/Thr_scan/Thr_scan_full/532386_0_epn120.internal_modSel18.root
/alice/home/fbwogur0203/Thr_scan/Thr_scan_full/532386_0_epn120.internal_modSel19.root
/alice/home/fbwogur0203/Thr_scan/Thr_scan_full/532386_0_epn120.internal_modSel1.root
/alice/home/fbwogur0203/Thr_scan/Thr_scan_full/532386_0_epn120.internal_modSel2.root
/alice/home/fbwogur0203/Thr_scan/Thr_scan_full/532386_0_epn120.internal_modSel3.root
/alice/home/fbwogur0203/Thr_scan/Thr_scan_full/532386_0_epn120.internal_modSel4.root
/alice/home/fbwogur0203/Thr_scan/Thr_scan_full/532386_0_epn120.internal_modSel5.root
/alice/home/fbwogur0203/Thr_scan/Thr_scan_full/532386_0_epn120.internal_modSel6.root
/alice/home/fbwogur0203/Thr_scan/Thr_scan_full/532386_0_epn120.internal_modSel7.root
/alice/home/fbwogur0203/Thr_scan/Thr_scan_full/532386_0_epn120.internal_modSel8.root
/alice/home/fbwogur0203/Thr_scan/Thr_scan_full/532386_0_epn120.internal_modSel9.root
/alice/home/fbwogur0203/Thr_scan/Thr_scan_full/532386_0_epn121.internal_modSel0.root
/alice/home/fbwogur0203/Thr_scan/Thr_scan_full/532386_0_epn121.internal_modSel10.root
/alice/home/fbwogur0203/Thr_scan/Thr_scan_full/532386_0_epn121.internal_modSel11.root
/alice/home/fbwogur0203/Thr_scan/Thr_scan_full/532386_0_epn121.internal_modSel12.root
/alice/home/fbwogur0203/Thr_scan/Thr_scan_full/532386_0_epn121.internal_modSel13.root
/alice/home/fbwogur0203/Thr_scan/Thr_scan_full/532386_0_epn121.internal_modSel14.root
/alice/home/fbwogur0203/Thr_scan/Thr_scan_full/532386_0_epn121.internal_modSel15.root
/alice/home/fbwogur0203/Thr_scan/Thr_scan_full/532386_0_epn121.internal_modSel16.root
/alice/home/fbwogur0203/Thr_scan/Thr_scan_full/532386_0_epn121.internal_modSel17.root
/alice/home/fbwogur0203/Thr_scan/Thr_scan_full/532386_0_epn121.internal_modSel18.root
/alice/home/fbwogur0203/Thr_scan/Thr_scan_full/532386_0_epn121.internal_modSel19.root
/alice/home/fbwogur0203/Thr_scan/Thr_scan_full/532386_0_epn121.internal_modSel1.root
/alice/home/fbwogur0203/Thr_scan/Thr_scan_full/532386_0_epn121.internal_modSel2.root
/alice/home/fbwogur0203/Thr_scan/Thr_scan_full/532386_0_epn121.internal_modSel3.root
/alice/home/fbwogur0203/Thr_scan/Thr_scan_full/532386_0_epn121.internal_modSel4.root
/alice/home/fbwogur0203/Thr_scan/Thr_scan_full/532386_0_epn121.internal_modSel5.root
/alice/home/fbwogur0203/Thr_scan/Thr_scan_full/532386_0_epn121.internal_modSel6.root
/alice/home/fbwogur0203/Thr_scan/Thr_scan_full/532386_0_epn121.internal_modSel7.root
/alice/home/fbwogur0203/Thr_scan/Thr_scan_full/532386_0_epn121.internal_modSel8.root
/alice/home/fbwogur0203/Thr_scan/Thr_scan_full/532386_0_epn121.internal_modSel9.root
/alice/home/fbwogur0203/Thr_scan/Thr_scan_full/532386_0_epn123.internal_modSel0.root
/alice/home/fbwogur0203/Thr_scan/Thr_scan_full/532386_0_epn123.internal_modSel10.root
/alice/home/fbwogur0203/Thr_scan/Thr_scan_full/532386_0_epn123.internal_modSel11.root
/alice/home/fbwogur0203/Thr_scan/Thr_scan_full/532386_0_epn123.internal_modSel12.root
/alice/home/fbwogur0203/Thr_scan/Thr_scan_full/532386_0_epn123.internal_modSel13.root
/alice/home/fbwogur0203/Thr_scan/Thr_scan_full/532386_0_epn123.internal_modSel14.root
/alice/home/fbwogur0203/Thr_scan/Thr_scan_full/532386_0_epn123.internal_modSel15.root
/alice/home/fbwogur0203/Thr_scan/Thr_scan_full/532386_0_epn123.internal_modSel16.root
/alice/home/fbwogur0203/Thr_scan/Thr_scan_full/532386_0_epn123.internal_modSel17.root
/alice/home/fbwogur0203/Thr_scan/Thr_scan_full/532386_0_epn123.internal_modSel18.root
/alice/home/fbwogur0203/Thr_scan/Thr_scan_full/532386_0_epn123.internal_modSel19.root
/alice/home/fbwogur0203/Thr_scan/Thr_scan_full/532386_0_epn123.internal_modSel1.root
/alice/home/fbwogur0203/Thr_scan/Thr_scan_full/532386_0_epn123.internal_modSel2.root
/alice/home/fbwogur0203/Thr_scan/Thr_scan_full/532386_0_epn123.internal_modSel3.root
/alice/home/fbwogur0203/Thr_scan/Thr_scan_full/532386_0_epn123.internal_modSel4.root
/alice/home/fbwogur0203/Thr_scan/Thr_scan_full/532386_0_epn123.internal_modSel5.root
/alice/home/fbwogur0203/Thr_scan/Thr_scan_full/532386_0_epn123.internal_modSel6.root
/alice/home/fbwogur0203/Thr_scan/Thr_scan_full/532386_0_epn123.internal_modSel7.root
/alice/home/fbwogur0203/Thr_scan/Thr_scan_full/532386_0_epn123.internal_modSel8.root
/alice/home/fbwogur0203/Thr_scan/Thr_scan_full/532386_0_epn123.internal_modSel9.root
/alice/home/fbwogur0203/Thr_scan/Thr_scan_full/532386_0_epn124.internal_modSel0.root
/alice/home/fbwogur0203/Thr_scan/Thr_scan_full/532386_0_epn124.internal_modSel10.root
/alice/home/fbwogur0203/Thr_scan/Thr_scan_full/532386_0_epn124.internal_modSel11.root
/alice/home/fbwogur0203/Thr_scan/Thr_scan_full/532386_0_epn124.internal_modSel12.root
/alice/home/fbwogur0203/Thr_scan/Thr_scan_full/532386_0_epn124.internal_modSel13.root
/alice/home/fbwogur0203/Thr_scan/Thr_scan_full/532386_0_epn124.internal_modSel14.root
/alice/home/fbwogur0203/Thr_scan/Thr_scan_full/532386_0_epn124.internal_modSel15.root
/alice/home/fbwogur0203/Thr_scan/Thr_scan_full/532386_0_epn124.internal_modSel16.root
/alice/home/fbwogur0203/Thr_scan/Thr_scan_full/532386_0_epn124.internal_modSel17.root
/alice/home/fbwogur0203/Thr_scan/Thr_scan_full/532386_0_epn124.internal_modSel18.root
/alice/home/fbwogur0203/Thr_scan/Thr_scan_full/532386_0_epn124.internal_modSel19.root
/alice/home/fbwogur0203/Thr_scan/Thr_scan_full/532386_0_epn124.internal_modSel1.root
/alice/home/fbwogur0203/Thr_scan/Thr_scan_full/532386_0_epn124.internal_modSel2.root
/alice/home/fbwogur0203/Thr_scan/Thr_scan_full/532386_0_epn124.internal_modSel3.root
/alice/home/fbwogur0203/Thr_scan/Thr_scan_full/532386_0_epn124.internal_modSel4.root
/alice/home/fbwogur0203/Thr_scan/Thr_scan_full/532386_0_epn124.internal_modSel5.root
/alice/home/fbwogur0203/Thr_scan/Thr_scan_full/532386_0_epn124.internal_modSel6.root
/alice/home/fbwogur0203/Thr_scan/Thr_scan_full/532386_0_epn124.internal_modSel7.root
/alice/home/fbwogur0203/Thr_scan/Thr_scan_full/532386_0_epn124.internal_modSel8.root
/alice/home/fbwogur0203/Thr_scan/Thr_scan_full/532386_0_epn124.internal_modSel9.root
/alice/home/fbwogur0203/Thr_scan/Thr_scan_full/532386_0_epn125.internal_modSel0.root
/alice/home/fbwogur0203/Thr_scan/Thr_scan_full/532386_0_epn125.internal_modSel10.root
/alice/home/fbwogur0203/Thr_scan/Thr_scan_full/532386_0_epn125.internal_modSel11.root
/alice/home/fbwogur0203/Thr_scan/Thr_scan_full/532386_0_epn125.internal_modSel12.root
/alice/home/fbwogur0203/Thr_scan/Thr_scan_full/532386_0_epn125.internal_modSel13.root
/alice/home/fbwogur0203/Thr_scan/Thr_scan_full/532386_0_epn125.internal_modSel14.root
/alice/home/fbwogur0203/Thr_scan/Thr_scan_full/532386_0_epn125.internal_modSel15.root
/alice/home/fbwogur0203/Thr_scan/Thr_scan_full/532386_0_epn125.internal_modSel16.root
/alice/home/fbwogur0203/Thr_scan/Thr_scan_full/532386_0_epn125.internal_modSel17.root
/alice/home/fbwogur0203/Thr_scan/Thr_scan_full/532386_0_epn125.internal_modSel18.root
/alice/home/fbwogur0203/Thr_scan/Thr_scan_full/532386_0_epn125.internal_modSel19.root
/alice/home/fbwogur0203/Thr_scan/Thr_scan_full/532386_0_epn125.internal_modSel1.root
/alice/home/fbwogur0203/Thr_scan/Thr_scan_full/532386_0_epn125.internal_modSel2.root
/alice/home/fbwogur0203/Thr_scan/Thr_scan_full/532386_0_epn125.internal_modSel3.root
/alice/home/fbwogur0203/Thr_scan/Thr_scan_full/532386_0_epn125.internal_modSel4.root
/alice/home/fbwogur0203/Thr_scan/Thr_scan_full/532386_0_epn125.internal_modSel5.root
/alice/home/fbwogur0203/Thr_scan/Thr_scan_full/532386_0_epn125.internal_modSel6.root
/alice/home/fbwogur0203/Thr_scan/Thr_scan_full/532386_0_epn125.internal_modSel7.root
/alice/home/fbwogur0203/Thr_scan/Thr_scan_full/532386_0_epn125.internal_modSel8.root
/alice/home/fbwogur0203/Thr_scan/Thr_scan_full/532386_0_epn125.internal_modSel9.root
/alice/home/fbwogur0203/Thr_scan/Thr_scan_full/532386_0_epn146.internal_modSel0.root
/alice/home/fbwogur0203/Thr_scan/Thr_scan_full/532386_0_epn146.internal_modSel10.root
/alice/home/fbwogur0203/Thr_scan/Thr_scan_full/532386_0_epn146.internal_modSel11.root
/alice/home/fbwogur0203/Thr_scan/Thr_scan_full/532386_0_epn146.internal_modSel12.root
/alice/home/fbwogur0203/Thr_scan/Thr_scan_full/532386_0_epn146.internal_modSel13.root
/alice/home/fbwogur0203/Thr_scan/Thr_scan_full/532386_0_epn146.internal_modSel14.root
/alice/home/fbwogur0203/Thr_scan/Thr_scan_full/532386_0_epn146.internal_modSel15.root
/alice/home/fbwogur0203/Thr_scan/Thr_scan_full/532386_0_epn146.internal_modSel16.root
/alice/home/fbwogur0203/Thr_scan/Thr_scan_full/532386_0_epn146.internal_modSel17.root
/alice/home/fbwogur0203/Thr_scan/Thr_scan_full/532386_0_epn146.internal_modSel18.root
/alice/home/fbwogur0203/Thr_scan/Thr_scan_full/532386_0_epn146.internal_modSel19.root
/alice/home/fbwogur0203/Thr_scan/Thr_scan_full/532386_0_epn146.internal_modSel1.root
/alice/home/fbwogur0203/Thr_scan/Thr_scan_full/532386_0_epn146.internal_modSel2.root
/alice/home/fbwogur0203/Thr_scan/Thr_scan_full/532386_0_epn146.internal_modSel3.root
/alice/home/fbwogur0203/Thr_scan/Thr_scan_full/532386_0_epn146.internal_modSel4.root
/alice/home/fbwogur0203/Thr_scan/Thr_scan_full/532386_0_epn146.internal_modSel5.root
/alice/home/fbwogur0203/Thr_scan/Thr_scan_full/532386_0_epn146.internal_modSel6.root
/alice/home/fbwogur0203/Thr_scan/Thr_scan_full/532386_0_epn146.internal_modSel7.root
/alice/home/fbwogur0203/Thr_scan/Thr_scan_full/532386_0_epn146.internal_modSel8.root
/alice/home/fbwogur0203/Thr_scan/Thr_scan_full/532386_0_epn146.internal_modSel9.root
/alice/home/fbwogur0203/Thr_scan/Thr_scan_full/532386_0_epn147.internal_modSel0.root
/alice/home/fbwogur0203/Thr_scan/Thr_scan_full/532386_0_epn147.internal_modSel10.root
/alice/home/fbwogur0203/Thr_scan/Thr_scan_full/532386_0_epn147.internal_modSel11.root
/alice/home/fbwogur0203/Thr_scan/Thr_scan_full/532386_0_epn147.internal_modSel12.root
/alice/home/fbwogur0203/Thr_scan/Thr_scan_full/532386_0_epn147.internal_modSel13.root
/alice/home/fbwogur0203/Thr_scan/Thr_scan_full/532386_0_epn147.internal_modSel14.root
/alice/home/fbwogur0203/Thr_scan/Thr_scan_full/532386_0_epn147.internal_modSel15.root
/alice/home/fbwogur0203/Thr_scan/Thr_scan_full/532386_0_epn147.internal_modSel16.root
/alice/home/fbwogur0203/Thr_scan/Thr_scan_full/532386_0_epn147.internal_modSel17.root
/alice/home/fbwogur0203/Thr_scan/Thr_scan_full/532386_0_epn147.internal_modSel18.root
/alice/home/fbwogur0203/Thr_scan/Thr_scan_full/532386_0_epn147.internal_modSel19.root
/alice/home/fbwogur0203/Thr_scan/Thr_scan_full/532386_0_epn147.internal_modSel1.root
/alice/home/fbwogur0203/Thr_scan/Thr_scan_full/532386_0_epn147.internal_modSel2.root
/alice/home/fbwogur0203/Thr_scan/Thr_scan_full/532386_0_epn147.internal_modSel3.root
/alice/home/fbwogur0203/Thr_scan/Thr_scan_full/532386_0_epn147.internal_modSel4.root
/alice/home/fbwogur0203/Thr_scan/Thr_scan_full/532386_0_epn147.internal_modSel5.root
/alice/home/fbwogur0203/Thr_scan/Thr_scan_full/532386_0_epn147.internal_modSel6.root
/alice/home/fbwogur0203/Thr_scan/Thr_scan_full/532386_0_epn147.internal_modSel7.root
/alice/home/fbwogur0203/Thr_scan/Thr_scan_full/532386_0_epn147.internal_modSel8.root
/alice/home/fbwogur0203/Thr_scan/Thr_scan_full/532386_0_epn147.internal_modSel9.root
/alice/home/fbwogur0203/Thr_scan/Thr_scan_full/532386_0_epn148.internal_modSel0.root
/alice/home/fbwogur0203/Thr_scan/Thr_scan_full/532386_0_epn148.internal_modSel10.root
/alice/home/fbwogur0203/Thr_scan/Thr_scan_full/532386_0_epn148.internal_modSel11.root
/alice/home/fbwogur0203/Thr_scan/Thr_scan_full/532386_0_epn148.internal_modSel12.root
/alice/home/fbwogur0203/Thr_scan/Thr_scan_full/532386_0_epn148.internal_modSel13.root
/alice/home/fbwogur0203/Thr_scan/Thr_scan_full/532386_0_epn148.internal_modSel14.root
/alice/home/fbwogur0203/Thr_scan/Thr_scan_full/532386_0_epn148.internal_modSel15.root
/alice/home/fbwogur0203/Thr_scan/Thr_scan_full/532386_0_epn148.internal_modSel16.root
/alice/home/fbwogur0203/Thr_scan/Thr_scan_full/532386_0_epn148.internal_modSel17.root
/alice/home/fbwogur0203/Thr_scan/Thr_scan_full/532386_0_epn148.internal_modSel18.root
/alice/home/fbwogur0203/Thr_scan/Thr_scan_full/532386_0_epn148.internal_modSel19.root
/alice/home/fbwogur0203/Thr_scan/Thr_scan_full/532386_0_epn148.internal_modSel1.root
/alice/home/fbwogur0203/Thr_scan/Thr_scan_full/532386_0_epn148.internal_modSel2.root
/alice/home/fbwogur0203/Thr_scan/Thr_scan_full/532386_0_epn148.internal_modSel3.root
/alice/home/fbwogur0203/Thr_scan/Thr_scan_full/532386_0_epn148.internal_modSel4.root
/alice/home/fbwogur0203/Thr_scan/Thr_scan_full/532386_0_epn148.internal_modSel5.root
/alice/home/fbwogur0203/Thr_scan/Thr_scan_full/532386_0_epn148.internal_modSel6.root
/alice/home/fbwogur0203/Thr_scan/Thr_scan_full/532386_0_epn148.internal_modSel7.root
/alice/home/fbwogur0203/Thr_scan/Thr_scan_full/532386_0_epn148.internal_modSel8.root
/alice/home/fbwogur0203/Thr_scan/Thr_scan_full/532386_0_epn148.internal_modSel9.root
/alice/home/fbwogur0203/Thr_scan/Thr_scan_full/532386_0_epn150.internal_modSel0.root
/alice/home/fbwogur0203/Thr_scan/Thr_scan_full/532386_0_epn150.internal_modSel10.root
/alice/home/fbwogur0203/Thr_scan/Thr_scan_full/532386_0_epn150.internal_modSel11.root
/alice/home/fbwogur0203/Thr_scan/Thr_scan_full/532386_0_epn150.internal_modSel12.root
/alice/home/fbwogur0203/Thr_scan/Thr_scan_full/532386_0_epn150.internal_modSel13.root
/alice/home/fbwogur0203/Thr_scan/Thr_scan_full/532386_0_epn150.internal_modSel14.root
/alice/home/fbwogur0203/Thr_scan/Thr_scan_full/532386_0_epn150.internal_modSel15.root
/alice/home/fbwogur0203/Thr_scan/Thr_scan_full/532386_0_epn150.internal_modSel16.root
/alice/home/fbwogur0203/Thr_scan/Thr_scan_full/532386_0_epn150.internal_modSel17.root
/alice/home/fbwogur0203/Thr_scan/Thr_scan_full/532386_0_epn150.internal_modSel18.root
/alice/home/fbwogur0203/Thr_scan/Thr_scan_full/532386_0_epn150.internal_modSel19.root
/alice/home/fbwogur0203/Thr_scan/Thr_scan_full/532386_0_epn150.internal_modSel1.root
/alice/home/fbwogur0203/Thr_scan/Thr_scan_full/532386_0_epn150.internal_modSel2.root
/alice/home/fbwogur0203/Thr_scan/Thr_scan_full/532386_0_epn150.internal_modSel3.root
/alice/home/fbwogur0203/Thr_scan/Thr_scan_full/532386_0_epn150.internal_modSel4.root
/alice/home/fbwogur0203/Thr_scan/Thr_scan_full/532386_0_epn150.internal_modSel5.root
/alice/home/fbwogur0203/Thr_scan/Thr_scan_full/532386_0_epn150.internal_modSel6.root
/alice/home/fbwogur0203/Thr_scan/Thr_scan_full/532386_0_epn150.internal_modSel7.root
/alice/home/fbwogur0203/Thr_scan/Thr_scan_full/532386_0_epn150.internal_modSel8.root
/alice/home/fbwogur0203/Thr_scan/Thr_scan_full/532386_0_epn150.internal_modSel9.root
/alice/home/fbwogur0203/Thr_scan/Thr_scan_full/532386_0_epn151.internal_modSel0.root
/alice/home/fbwogur0203/Thr_scan/Thr_scan_full/532386_0_epn151.internal_modSel10.root
/alice/home/fbwogur0203/Thr_scan/Thr_scan_full/532386_0_epn151.internal_modSel11.root
/alice/home/fbwogur0203/Thr_scan/Thr_scan_full/532386_0_epn151.internal_modSel12.root
/alice/home/fbwogur0203/Thr_scan/Thr_scan_full/532386_0_epn151.internal_modSel13.root
/alice/home/fbwogur0203/Thr_scan/Thr_scan_full/532386_0_epn151.internal_modSel14.root
/alice/home/fbwogur0203/Thr_scan/Thr_scan_full/532386_0_epn151.internal_modSel15.root
/alice/home/fbwogur0203/Thr_scan/Thr_scan_full/532386_0_epn151.internal_modSel16.root
/alice/home/fbwogur0203/Thr_scan/Thr_scan_full/532386_0_epn151.internal_modSel17.root
/alice/home/fbwogur0203/Thr_scan/Thr_scan_full/532386_0_epn151.internal_modSel18.root
/alice/home/fbwogur0203/Thr_scan/Thr_scan_full/532386_0_epn151.internal_modSel19.root
/alice/home/fbwogur0203/Thr_scan/Thr_scan_full/532386_0_epn151.internal_modSel1.root
/alice/home/fbwogur0203/Thr_scan/Thr_scan_full/532386_0_epn151.internal_modSel2.root
/alice/home/fbwogur0203/Thr_scan/Thr_scan_full/532386_0_epn151.internal_modSel3.root
/alice/home/fbwogur0203/Thr_scan/Thr_scan_full/532386_0_epn151.internal_modSel4.root
/alice/home/fbwogur0203/Thr_scan/Thr_scan_full/532386_0_epn151.internal_modSel5.root
/alice/home/fbwogur0203/Thr_scan/Thr_scan_full/532386_0_epn151.internal_modSel6.root
/alice/home/fbwogur0203/Thr_scan/Thr_scan_full/532386_0_epn151.internal_modSel7.root
/alice/home/fbwogur0203/Thr_scan/Thr_scan_full/532386_0_epn151.internal_modSel8.root
/alice/home/fbwogur0203/Thr_scan/Thr_scan_full/532386_0_epn151.internal_modSel9.root
/alice/home/fbwogur0203/Thr_scan/Thr_scan_full/532386_0_epn152.internal_modSel0.root
/alice/home/fbwogur0203/Thr_scan/Thr_scan_full/532386_0_epn152.internal_modSel10.root
/alice/home/fbwogur0203/Thr_scan/Thr_scan_full/532386_0_epn152.internal_modSel11.root
/alice/home/fbwogur0203/Thr_scan/Thr_scan_full/532386_0_epn152.internal_modSel12.root
/alice/home/fbwogur0203/Thr_scan/Thr_scan_full/532386_0_epn152.internal_modSel13.root
/alice/home/fbwogur0203/Thr_scan/Thr_scan_full/532386_0_epn152.internal_modSel14.root
/alice/home/fbwogur0203/Thr_scan/Thr_scan_full/532386_0_epn152.internal_modSel15.root
/alice/home/fbwogur0203/Thr_scan/Thr_scan_full/532386_0_epn152.internal_modSel16.root
/alice/home/fbwogur0203/Thr_scan/Thr_scan_full/532386_0_epn152.internal_modSel17.root
/alice/home/fbwogur0203/Thr_scan/Thr_scan_full/532386_0_epn152.internal_modSel18.root
/alice/home/fbwogur0203/Thr_scan/Thr_scan_full/532386_0_epn152.internal_modSel19.root
/alice/home/fbwogur0203/Thr_scan/Thr_scan_full/532386_0_epn152.internal_modSel1.root
/alice/home/fbwogur0203/Thr_scan/Thr_scan_full/532386_0_epn152.internal_modSel2.root
/alice/home/fbwogur0203/Thr_scan/Thr_scan_full/532386_0_epn152.internal_modSel3.root
/alice/home/fbwogur0203/Thr_scan/Thr_scan_full/532386_0_epn152.internal_modSel4.root
/alice/home/fbwogur0203/Thr_scan/Thr_scan_full/532386_0_epn152.internal_modSel5.root
/alice/home/fbwogur0203/Thr_scan/Thr_scan_full/532386_0_epn152.internal_modSel6.root
/alice/home/fbwogur0203/Thr_scan/Thr_scan_full/532386_0_epn152.internal_modSel7.root
/alice/home/fbwogur0203/Thr_scan/Thr_scan_full/532386_0_epn152.internal_modSel8.root
/alice/home/fbwogur0203/Thr_scan/Thr_scan_full/532386_0_epn152.internal_modSel9.root
/alice/home/fbwogur0203/Thr_scan/Thr_scan_full/532386_0_epn155.internal_modSel0.root
/alice/home/fbwogur0203/Thr_scan/Thr_scan_full/532386_0_epn155.internal_modSel10.root
/alice/home/fbwogur0203/Thr_scan/Thr_scan_full/532386_0_epn155.internal_modSel11.root
/alice/home/fbwogur0203/Thr_scan/Thr_scan_full/532386_0_epn155.internal_modSel12.root
/alice/home/fbwogur0203/Thr_scan/Thr_scan_full/532386_0_epn155.internal_modSel13.root
/alice/home/fbwogur0203/Thr_scan/Thr_scan_full/532386_0_epn155.internal_modSel14.root
/alice/home/fbwogur0203/Thr_scan/Thr_scan_full/532386_0_epn155.internal_modSel15.root
/alice/home/fbwogur0203/Thr_scan/Thr_scan_full/532386_0_epn155.internal_modSel16.root
/alice/home/fbwogur0203/Thr_scan/Thr_scan_full/532386_0_epn155.internal_modSel17.root
/alice/home/fbwogur0203/Thr_scan/Thr_scan_full/532386_0_epn155.internal_modSel18.root
/alice/home/fbwogur0203/Thr_scan/Thr_scan_full/532386_0_epn155.internal_modSel19.root
/alice/home/fbwogur0203/Thr_scan/Thr_scan_full/532386_0_epn155.internal_modSel1.root
/alice/home/fbwogur0203/Thr_scan/Thr_scan_full/532386_0_epn155.internal_modSel2.root
/alice/home/fbwogur0203/Thr_scan/Thr_scan_full/532386_0_epn155.internal_modSel3.root
/alice/home/fbwogur0203/Thr_scan/Thr_scan_full/532386_0_epn155.internal_modSel4.root
/alice/home/fbwogur0203/Thr_scan/Thr_scan_full/532386_0_epn155.internal_modSel5.root
/alice/home/fbwogur0203/Thr_scan/Thr_scan_full/532386_0_epn155.internal_modSel6.root
/alice/home/fbwogur0203/Thr_scan/Thr_scan_full/532386_0_epn155.internal_modSel7.root
/alice/home/fbwogur0203/Thr_scan/Thr_scan_full/532386_0_epn155.internal_modSel8.root
/alice/home/fbwogur0203/Thr_scan/Thr_scan_full/532386_0_epn155.internal_modSel9.root
/alice/home/fbwogur0203/Thr_scan/Thr_scan_full/532386_0_epn156.internal_modSel0.root
/alice/home/fbwogur0203/Thr_scan/Thr_scan_full/532386_0_epn156.internal_modSel10.root
/alice/home/fbwogur0203/Thr_scan/Thr_scan_full/532386_0_epn156.internal_modSel11.root
/alice/home/fbwogur0203/Thr_scan/Thr_scan_full/532386_0_epn156.internal_modSel12.root
/alice/home/fbwogur0203/Thr_scan/Thr_scan_full/532386_0_epn156.internal_modSel13.root
/alice/home/fbwogur0203/Thr_scan/Thr_scan_full/532386_0_epn156.internal_modSel14.root
/alice/home/fbwogur0203/Thr_scan/Thr_scan_full/532386_0_epn156.internal_modSel15.root
/alice/home/fbwogur0203/Thr_scan/Thr_scan_full/532386_0_epn156.internal_modSel16.root
/alice/home/fbwogur0203/Thr_scan/Thr_scan_full/532386_0_epn156.internal_modSel17.root
/alice/home/fbwogur0203/Thr_scan/Thr_scan_full/532386_0_epn156.internal_modSel18.root
/alice/home/fbwogur0203/Thr_scan/Thr_scan_full/532386_0_epn156.internal_modSel19.root
/alice/home/fbwogur0203/Thr_scan/Thr_scan_full/532386_0_epn156.internal_modSel1.root
/alice/home/fbwogur0203/Thr_scan/Thr_scan_full/532386_0_epn156.internal_modSel2.root
/alice/home/fbwogur0203/Thr_scan/Thr_scan_full/532386_0_epn156.internal_modSel3.root
/alice/home/fbwogur0203/Thr_scan/Thr_scan_full/532386_0_epn156.internal_modSel4.root
/alice/home/fbwogur0203/Thr_scan/Thr_scan_full/532386_0_epn156.internal_modSel5.root
/alice/home/fbwogur0203/Thr_scan/Thr_scan_full/532386_0_epn156.internal_modSel6.root
/alice/home/fbwogur0203/Thr_scan/Thr_scan_full/532386_0_epn156.internal_modSel7.root
/alice/home/fbwogur0203/Thr_scan/Thr_scan_full/532386_0_epn156.internal_modSel8.root
/alice/home/fbwogur0203/Thr_scan/Thr_scan_full/532386_0_epn156.internal_modSel9.root
/alice/home/fbwogur0203/Thr_scan/Thr_scan_full/532386_0_epn157.internal_modSel0.root
/alice/home/fbwogur0203/Thr_scan/Thr_scan_full/532386_0_epn157.internal_modSel10.root
/alice/home/fbwogur0203/Thr_scan/Thr_scan_full/532386_0_epn157.internal_modSel11.root
/alice/home/fbwogur0203/Thr_scan/Thr_scan_full/532386_0_epn157.internal_modSel12.root
/alice/home/fbwogur0203/Thr_scan/Thr_scan_full/532386_0_epn157.internal_modSel13.root
/alice/home/fbwogur0203/Thr_scan/Thr_scan_full/532386_0_epn157.internal_modSel14.root
/alice/home/fbwogur0203/Thr_scan/Thr_scan_full/532386_0_epn157.internal_modSel15.root
/alice/home/fbwogur0203/Thr_scan/Thr_scan_full/532386_0_epn157.internal_modSel16.root
/alice/home/fbwogur0203/Thr_scan/Thr_scan_full/532386_0_epn157.internal_modSel17.root
/alice/home/fbwogur0203/Thr_scan/Thr_scan_full/532386_0_epn157.internal_modSel18.root
/alice/home/fbwogur0203/Thr_scan/Thr_scan_full/532386_0_epn157.internal_modSel19.root
/alice/home/fbwogur0203/Thr_scan/Thr_scan_full/532386_0_epn157.internal_modSel1.root
/alice/home/fbwogur0203/Thr_scan/Thr_scan_full/532386_0_epn157.internal_modSel2.root
/alice/home/fbwogur0203/Thr_scan/Thr_scan_full/532386_0_epn157.internal_modSel3.root
/alice/home/fbwogur0203/Thr_scan/Thr_scan_full/532386_0_epn157.internal_modSel4.root
/alice/home/fbwogur0203/Thr_scan/Thr_scan_full/532386_0_epn157.internal_modSel5.root
/alice/home/fbwogur0203/Thr_scan/Thr_scan_full/532386_0_epn157.internal_modSel6.root
/alice/home/fbwogur0203/Thr_scan/Thr_scan_full/532386_0_epn157.internal_modSel7.root
/alice/home/fbwogur0203/Thr_scan/Thr_scan_full/532386_0_epn157.internal_modSel8.root
/alice/home/fbwogur0203/Thr_scan/Thr_scan_full/532386_0_epn157.internal_modSel9.root
/alice/home/fbwogur0203/Thr_scan/Thr_scan_full/532386_0_epn178.internal_modSel0.root
/alice/home/fbwogur0203/Thr_scan/Thr_scan_full/532386_0_epn178.internal_modSel10.root
/alice/home/fbwogur0203/Thr_scan/Thr_scan_full/532386_0_epn178.internal_modSel11.root
/alice/home/fbwogur0203/Thr_scan/Thr_scan_full/532386_0_epn178.internal_modSel12.root
/alice/home/fbwogur0203/Thr_scan/Thr_scan_full/532386_0_epn178.internal_modSel13.root
/alice/home/fbwogur0203/Thr_scan/Thr_scan_full/532386_0_epn178.internal_modSel14.root
/alice/home/fbwogur0203/Thr_scan/Thr_scan_full/532386_0_epn178.internal_modSel15.root
/alice/home/fbwogur0203/Thr_scan/Thr_scan_full/532386_0_epn178.internal_modSel16.root
/alice/home/fbwogur0203/Thr_scan/Thr_scan_full/532386_0_epn178.internal_modSel17.root
/alice/home/fbwogur0203/Thr_scan/Thr_scan_full/532386_0_epn178.internal_modSel18.root
/alice/home/fbwogur0203/Thr_scan/Thr_scan_full/532386_0_epn178.internal_modSel19.root
/alice/home/fbwogur0203/Thr_scan/Thr_scan_full/532386_0_epn178.internal_modSel1.root
/alice/home/fbwogur0203/Thr_scan/Thr_scan_full/532386_0_epn178.internal_modSel2.root
/alice/home/fbwogur0203/Thr_scan/Thr_scan_full/532386_0_epn178.internal_modSel3.root
/alice/home/fbwogur0203/Thr_scan/Thr_scan_full/532386_0_epn178.internal_modSel4.root
/alice/home/fbwogur0203/Thr_scan/Thr_scan_full/532386_0_epn178.internal_modSel5.root
/alice/home/fbwogur0203/Thr_scan/Thr_scan_full/532386_0_epn178.internal_modSel6.root
/alice/home/fbwogur0203/Thr_scan/Thr_scan_full/532386_0_epn178.internal_modSel7.root
/alice/home/fbwogur0203/Thr_scan/Thr_scan_full/532386_0_epn178.internal_modSel8.root
/alice/home/fbwogur0203/Thr_scan/Thr_scan_full/532386_0_epn178.internal_modSel9.root
/alice/home/fbwogur0203/Thr_scan/Thr_scan_full/532386_0_epn179.internal_modSel0.root
/alice/home/fbwogur0203/Thr_scan/Thr_scan_full/532386_0_epn179.internal_modSel10.root
/alice/home/fbwogur0203/Thr_scan/Thr_scan_full/532386_0_epn179.internal_modSel11.root
/alice/home/fbwogur0203/Thr_scan/Thr_scan_full/532386_0_epn179.internal_modSel12.root
/alice/home/fbwogur0203/Thr_scan/Thr_scan_full/532386_0_epn179.internal_modSel13.root
/alice/home/fbwogur0203/Thr_scan/Thr_scan_full/532386_0_epn179.internal_modSel14.root
/alice/home/fbwogur0203/Thr_scan/Thr_scan_full/532386_0_epn179.internal_modSel15.root
/alice/home/fbwogur0203/Thr_scan/Thr_scan_full/532386_0_epn179.internal_modSel16.root
/alice/home/fbwogur0203/Thr_scan/Thr_scan_full/532386_0_epn179.internal_modSel17.root
/alice/home/fbwogur0203/Thr_scan/Thr_scan_full/532386_0_epn179.internal_modSel18.root
/alice/home/fbwogur0203/Thr_scan/Thr_scan_full/532386_0_epn179.internal_modSel1.root